ARM Linker, 5.03 [Build 76] [MDK-ARM Professional]

==============================================================================

Section Cross References

    stm32f10x_vector.o(STACK) refers (Special) to heapauxi.o(.text) for __use_two_region_memory
    stm32f10x_vector.o(HEAP) refers (Special) to heapauxi.o(.text) for __use_two_region_memory
    stm32f10x_vector.o(RESET) refers (Special) to heapauxi.o(.text) for __use_two_region_memory
    stm32f10x_vector.o(RESET) refers to stm32f10x_vector.o(STACK) for __initial_sp
    stm32f10x_vector.o(RESET) refers to stm32f10x_vector.o(.text) for Reset_Handler
    stm32f10x_vector.o(RESET) refers to stm32f10x_it.o(.text) for NMIException
    stm32f10x_vector.o(.text) refers (Special) to heapauxi.o(.text) for __use_two_region_memory
    stm32f10x_vector.o(.text) refers to __main.o(!!!main) for __main
    stm32f10x_vector.o(.text) refers to stm32f10x_vector.o(HEAP) for Heap_Mem
    stm32f10x_vector.o(.text) refers to stm32f10x_vector.o(STACK) for Stack_Mem
    hw_config.o(.text) refers to stm32f10x_tim.o(.text) for TIM_TimeBaseInit
    hw_config.o(.text) refers to stm32f10x_gpio.o(.text) for GPIO_Init
    hw_config.o(.text) refers to stm32f10x_rcc.o(.text) for RCC_DeInit
    hw_config.o(.text) refers to stm32f10x_flash.o(.text) for FLASH_PrefetchBufferCmd
    hw_config.o(.text) refers to stm32f10x_nvic.o(.text) for NVIC_Init
    hw_config.o(.text) refers to hw_config.o(.data) for HSEStartUpStatus
    hw_config.o(.text) refers to usb_pwr.o(.data) for bDeviceState
    hw_config.o(.text) refers to usb_init.o(.bss) for Device_Info
    hw_config.o(.text) refers to usb_desc.o(.data) for CustomHID_StringSerial
    main.o(.text) refers to usb_mem.o(.text) for UserToPMABufferCopy
    main.o(.text) refers to usb_regs.o(.text) for SetEPTxValid
    main.o(.text) refers to stm32f10x_nvic.o(.text) for NVIC_SetVectorTable
    main.o(.text) refers to hw_config.o(.text) for RCC_Configuration
    main.o(.text) refers to usb_init.o(.text) for USB_Init
    main.o(.text) refers to usb_endp.o(.bss) for Transi_Buffer
    main.o(.text) refers to usb_endp.o(.data) for USB_ReceiveFlg
    main.o(.text) refers to stm32f10x_it.o(.data) for TimeCount
    usb_endp.o(.text) refers to usb_mem.o(.text) for PMAToUserBufferCopy
    usb_endp.o(.text) refers to usb_regs.o(.text) for SetEPRxStatus
    usb_endp.o(.text) refers to usb_endp.o(.data) for USB_ReceiveFlg
    usb_endp.o(.text) refers to usb_endp.o(.bss) for Receive_Buffer
    usb_endp.o(.text) refers to main.o(.data) for MsgCmd
    usb_istr.o(.text) refers to usb_pwr.o(.text) for Resume
    usb_istr.o(.text) refers to usb_int.o(.text) for CTR_LP
    usb_istr.o(.text) refers to usb_istr.o(.data) for wIstr
    usb_istr.o(.text) refers to usb_init.o(.data) for wInterrupt_Mask
    usb_istr.o(.text) refers to usb_prop.o(.data) for Device_Property
    usb_istr.o(.text) refers to usb_pwr.o(.data) for fSuspendEnabled
    usb_istr.o(.data) refers to usb_core.o(.text) for NOP_Process
    usb_istr.o(.data) refers to usb_endp.o(.text) for EP2_IN_Callback
    usb_prop.o(.text) refers to hw_config.o(.text) for Get_SerialNum
    usb_prop.o(.text) refers to usb_pwr.o(.text) for PowerOn
    usb_prop.o(.text) refers to usb_regs.o(.text) for SetBTABLE
    usb_prop.o(.text) refers to usb_core.o(.text) for SetDeviceAddress
    usb_prop.o(.text) refers to usb_init.o(.data) for pInformation
    usb_prop.o(.text) refers to usb_pwr.o(.data) for bDeviceState
    usb_prop.o(.text) refers to usb_desc.o(.constdata) for CustomHID_ConfigDescriptor
    usb_prop.o(.text) refers to usb_prop.o(.data) for Device_Property
    usb_prop.o(.data) refers to usb_prop.o(.text) for CustomHID_init
    usb_prop.o(.data) refers to usb_core.o(.text) for NOP_Process
    usb_prop.o(.data) refers to usb_desc.o(.constdata) for CustomHID_DeviceDescriptor
    usb_prop.o(.data) refers to usb_desc.o(.data) for CustomHID_StringSerial
    usb_pwr.o(.text) refers to hw_config.o(.text) for USB_Cable_Config
    usb_pwr.o(.text) refers to usb_init.o(.data) for wInterrupt_Mask
    usb_pwr.o(.text) refers to usb_pwr.o(.data) for ResumeS
    stm32f10x_it.o(.text) refers to usb_istr.o(.text) for USB_Istr
    stm32f10x_it.o(.text) refers to stm32f10x_tim.o(.text) for TIM_GetITStatus
    stm32f10x_it.o(.text) refers to stm32f10x_it.o(.data) for TimeCount
    stm32f10x_gpio.o(.text) refers to stm32f10x_rcc.o(.text) for RCC_APB2PeriphResetCmd
    stm32f10x_nvic.o(.text) refers to cortexm3_macro.o(.text) for __SETPRIMASK
    stm32f10x_rcc.o(.text) refers to stm32f10x_rcc.o(.constdata) for APBAHBPrescTable
    stm32f10x_tim.o(.text) refers to stm32f10x_rcc.o(.text) for RCC_APB2PeriphResetCmd
    usb_core.o(.text) refers to usb_regs.o(.text) for ClearDTOG_TX
    usb_core.o(.text) refers to usb_mem.o(.text) for PMAToUserBufferCopy
    usb_core.o(.text) refers to usb_init.o(.data) for pInformation
    usb_core.o(.text) refers to usb_prop.o(.data) for Device_Table
[...]
    usb_int.o(.text) refers to usb_core.o(.text) for In0_Process
    usb_int.o(.text) refers to usb_istr.o(.data) for wIstr
    usb_int.o(.text) refers to usb_init.o(.data) for EPindex
    usb_int.o(.text) refers to usb_int.o(.data) for SaveRState
    __main.o(!!!main) refers to rtentry.o(.ARM.Collect$$rtentry$$00000000) for __rt_entry
    rtentry.o(.ARM.Collect$$rtentry$$00000000) refers (Special) to rtentry2.o(.ARM.Collect$$rtentry$$0000000A) for __rt_entry_li
    rtentry.o(.ARM.Collect$$rtentry$$00000000) refers (Special) to rtentry2.o(.ARM.Collect$$rtentry$$0000000D) for __rt_entry_main
    rtentry.o(.ARM.Collect$$rtentry$$00000000) refers (Special) to rtentry2.o(.ARM.Collect$$rtentry$$0000000C) for __rt_entry_postli_1
    rtentry.o(.ARM.Collect$$rtentry$$00000000) refers (Special) to rtentry2.o(.ARM.Collect$$rtentry$$00000009) for __rt_entry_postsh_1
    rtentry.o(.ARM.Collect$$rtentry$$00000000) refers (Special) to rtentry2.o(.ARM.Collect$$rtentry$$00000002) for __rt_entry_presh_1
    rtentry.o(.ARM.Collect$$rtentry$$00000000) refers (Special) to rtentry4.o(.ARM.Collect$$rtentry$$00000004) for __rt_entry_sh
    rtentry2.o(.ARM.Collect$$rtentry$$00000008) refers to boardinit2.o(.text) for _platform_post_stackheap_init
    rtentry2.o(.ARM.Collect$$rtentry$$0000000A) refers to libinit.o(.ARM.Collect$$libinit$$00000000) for __rt_lib_init
    rtentry2.o(.ARM.Collect$$rtentry$$0000000B) refers to boardinit3.o(.text) for _platform_post_lib_init
    rtentry2.o(.ARM.Collect$$rtentry$$0000000D) refers to main.o(.text) for main
    rtentry2.o(.ARM.Collect$$rtentry$$0000000D) refers to exit.o(.text) for exit
    rtentry2.o(.ARM.exidx) refers to rtentry2.o(.ARM.Collect$$rtentry$$00000001) for .ARM.Collect$$rtentry$$00000001
    rtentry2.o(.ARM.exidx) refers to rtentry2.o(.ARM.Collect$$rtentry$$00000008) for .ARM.Collect$$rtentry$$00000008
    rtentry2.o(.ARM.exidx) refers to rtentry2.o(.ARM.Collect$$rtentry$$0000000A) for .ARM.Collect$$rtentry$$0000000A
    rtentry2.o(.ARM.exidx) refers to rtentry2.o(.ARM.Collect$$rtentry$$0000000B) for .ARM.Collect$$rtentry$$0000000B
    rtentry2.o(.ARM.exidx) refers to rtentry2.o(.ARM.Collect$$rtentry$$0000000D) for .ARM.Collect$$rtentry$$0000000D
    rtentry4.o(.ARM.Collect$$rtentry$$00000004) refers to sys_stackheap_outer.o(.text) for __user_setup_stackheap
    rtentry4.o(.ARM.exidx) refers to rtentry4.o(.ARM.Collect$$rtentry$$00000004) for .ARM.Collect$$rtentry$$00000004
    sys_stackheap_outer.o(.text) refers to libspace.o(.text) for __user_perproc_libspace
    sys_stackheap_outer.o(.text) refers to stm32f10x_vector.o(.text) for __user_initial_stackheap
    exit.o(.text) refers to rtexit.o(.ARM.Collect$$rtexit$$00000000) for __rt_exit
    libinit.o(.ARM.Collect$$libinit$$00000000) refers (Special) to libinit2.o(.ARM.Collect$$libinit$$0000002C) for __rt_lib_init_alloca_1
    libinit.o(.ARM.Collect$$libinit$$00000000) refers (Special) to libinit2.o(.ARM.Collect$$libinit$$0000002A) for __rt_lib_init_argv_1
    libinit.o(.ARM.Collect$$libinit$$00000000) refers (Special) to libinit2.o(.ARM.Collect$$libinit$$00000019) for __rt_lib_init_atexit_1
    libinit.o(.ARM.Collect$$libinit$$00000000) refers (Special) to libinit2.o(.ARM.Collect$$libinit$$0000001F) for __rt_lib_init_clock_1
    libinit.o(.ARM.Collect$$libinit$$00000000) refers (Special) to libinit2.o(.ARM.Collect$$libinit$$00000030) for __rt_lib_init_cpp_1
    libinit.o(.ARM.Collect$$libinit$$00000000) refers (Special) to libinit2.o(.ARM.Collect$$libinit$$0000002E) for __rt_lib_init_exceptions_1
    libinit.o(.ARM.Collect$$libinit$$00000000) refers (Special) to libinit2.o(.ARM.Collect$$libinit$$00000002) for __rt_lib_init_fp_1
    libinit.o(.ARM.Collect$$libinit$$00000000) refers (Special) to libinit2.o(.ARM.Collect$$libinit$$0000001D) for __rt_lib_init_fp_trap_1
    libinit.o(.ARM.Collect$$libinit$$00000000) refers (Special) to libinit2.o(.ARM.Collect$$libinit$$00000021) for __rt_lib_init_getenv_1
    libinit.o(.ARM.Collect$$libinit$$00000000) refers (Special) to libinit2.o(.ARM.Collect$$libinit$$00000008) for __rt_lib_init_heap_1
    libinit.o(.ARM.Collect$$libinit$$00000000) refers (Special) to libinit2.o(.ARM.Collect$$libinit$$0000000F) for __rt_lib_init_lc_collate_1
    libinit.o(.ARM.Collect$$libinit$$00000000) refers (Special) to libinit2.o(.ARM.Collect$$libinit$$00000011) for __rt_lib_init_lc_ctype_1
    libinit.o(.ARM.Collect$$libinit$$00000000) refers (Special) to libinit2.o(.ARM.Collect$$libinit$$00000013) for __rt_lib_init_lc_monetary_1
    libinit.o(.ARM.Collect$$libinit$$00000000) refers (Special) to libinit2.o(.ARM.Collect$$libinit$$00000015) for __rt_lib_init_lc_numeric_1
    libinit.o(.ARM.Collect$$libinit$$00000000) refers (Special) to libinit2.o(.ARM.Collect$$libinit$$00000017) for __rt_lib_init_lc_time_1
    libinit.o(.ARM.Collect$$libinit$$00000000) refers (Special) to libinit2.o(.ARM.Collect$$libinit$$0000000C) for __rt_lib_init_rand_1
    libinit.o(.ARM.Collect$$libinit$$00000000) refers (Special) to libinit2.o(.ARM.Collect$$libinit$$00000031) for __rt_lib_init_return
    libinit.o(.ARM.Collect$$libinit$$00000000) refers (Special) to libinit2.o(.ARM.Collect$$libinit$$0000001B) for __rt_lib_init_signal_1
    libinit.o(.ARM.Collect$$libinit$$00000000) refers (Special) to libinit2.o(.ARM.Collect$$libinit$$00000023) for __rt_lib_init_stdio_1
    libinit.o(.ARM.Collect$$libinit$$00000000) refers (Special) to libinit2.o(.ARM.Collect$$libinit$$0000000A) for __rt_lib_init_user_alloc_1
    libspace.o(.text) refers to libspace.o(.bss) for __libspace_start
    rtexit.o(.ARM.Collect$$rtexit$$00000000) refers (Special) to rtexit2.o(.ARM.Collect$$rtexit$$00000004) for __rt_exit_exit
    rtexit.o(.ARM.Collect$$rtexit$$00000000) refers (Special) to rtexit2.o(.ARM.Collect$$rtexit$$00000003) for __rt_exit_ls
    rtexit.o(.ARM.Collect$$rtexit$$00000000) refers (Special) to rtexit2.o(.ARM.Collect$$rtexit$$00000002) for __rt_exit_prels_1
    rtexit.o(.ARM.exidx) refers (Special) to rtexit2.o(.ARM.Collect$$rtexit$$00000004) for __rt_exit_exit
    rtexit.o(.ARM.exidx) refers (Special) to rtexit2.o(.ARM.Collect$$rtexit$$00000003) for __rt_exit_ls
    rtexit.o(.ARM.exidx) refers (Special) to rtexit2.o(.ARM.Collect$$rtexit$$00000002) for __rt_exit_prels_1
    rtexit.o(.ARM.exidx) refers to rtexit.o(.ARM.Collect$$rtexit$$00000000) for .ARM.Collect$$rtexit$$00000000
    libinit2.o(.ARM.Collect$$libinit$$0000000E) refers to libinit2.o(.ARM.Collect$$libinit$$0000000D) for .ARM.Collect$$libinit$$0000000D
    libinit2.o(.ARM.Collect$$libinit$$00000010) refers to libinit2.o(.ARM.Collect$$libinit$$0000000D) for .ARM.Collect$$libinit$$0000000D
    libinit2.o(.ARM.Collect$$libinit$$00000012) refers to libinit2.o(.ARM.Collect$$libinit$$0000000D) for .ARM.Collect$$libinit$$0000000D
    libinit2.o(.ARM.Collect$$libinit$$00000014) refers to libinit2.o(.ARM.Collect$$libinit$$0000000D) for .ARM.Collect$$libinit$$0000000D
    libinit2.o(.ARM.Collect$$libinit$$00000016) refers to libinit2.o(.ARM.Collect$$libinit$$0000000D) for .ARM.Collect$$libinit$$0000000D
    libinit2.o(.ARM.Collect$$libinit$$00000024) refers to argv_veneer.o(.emb_text) for __ARM_argv_veneer
    libinit2.o(.ARM.Collect$$libinit$$00000025) refers to argv_veneer.o(.emb_text) for __ARM_argv_veneer
    rtexit2.o(.ARM.Collect$$rtexit$$00000003) refers to libshutdown.o(.ARM.Collect$$libshutdown$$00000000) for __rt_lib_shutdown
    rtexit2.o(.ARM.Collect$$rtexit$$00000004) refers to sys_exit.o(.text) for _sys_exit
    rtexit2.o(.ARM.exidx) refers to rtexit2.o(.ARM.Collect$$rtexit$$00000001) for .ARM.Collect$$rtexit$$00000001
    rtexit2.o(.ARM.exidx) refers to rtexit2.o(.ARM.Collect$$rtexit$$00000003) for .ARM.Collect$$rtexit$$00000003
    rtexit2.o(.ARM.exidx) refers to rtexit2.o(.ARM.Collect$$rtexit$$00000004) for .ARM.Collect$$rtexit$$00000004
    argv_veneer.o(.emb_text) refers to no_argv.o(.text) for __ARM_get_argv
    sys_exit.o(.text) refers (Special) to use_no_semi.o(.text) for __I$use$semihosting
    sys_exit.o(.text) refers (Special) to indicate_semi.o(.text) for __semihosting_library_function
    _get_argv_nomalloc.o(.text) refers (Special) to hrguard.o(.text) for __heap_region$guard
    _get_argv_nomalloc.o(.text) refers to defsig_rtmem_outer.o(.text) for __rt_SIGRTMEM
    _get_argv_nomalloc.o(.text) refers to sys_command.o(.text) for _sys_command_string
    libshutdown.o(.ARM.Collect$$libshutdown$$00000000) refers (Special) to libshutdown2.o(.ARM.Collect$$libshutdown$$00000006) for __rt_lib_shutdown_fp_trap_1
    libshutdown.o(.ARM.Collect$$libshutdown$$00000000) refers (Special) to libshutdown2.o(.ARM.Collect$$libshutdown$$0000000E) for __rt_lib_shutdown_heap_1
    libshutdown.o(.ARM.Collect$$libshutdown$$00000000) refers (Special) to libshutdown2.o(.ARM.Collect$$libshutdown$$0000000F) for __rt_lib_shutdown_return
    libshutdown.o(.ARM.Collect$$libshutdown$$00000000) refers (Special) to libshutdown2.o(.ARM.Collect$$libshutdown$$00000009) for __rt_lib_shutdown_signal_1
    libshutdown.o(.ARM.Collect$$libshutdown$$00000000) refers (Special) to libshutdown2.o(.ARM.Collect$$libshutdown$$00000003) for __rt_lib_shutdown_stdio_1
    libshutdown.o(.ARM.Collect$$libshutdown$$00000000) refers (Special) to libshutdown2.o(.ARM.Collect$$libshutdown$$0000000B) for __rt_lib_shutdown_user_alloc_1
    sys_command.o(.text) refers (Special) to use_no_semi.o(.text) for __I$use$semihosting
    sys_command.o(.text) refers (Special) to indicate_semi.o(.text) for __semihosting_library_function
    defsig_rtmem_outer.o(.text) refers to defsig_rtmem_inner.o(.text) for __rt_SIGRTMEM_inner
    defsig_rtmem_outer.o(.text) refers to defsig_exit.o(.text) for __sig_exit
    defsig_rtmem_formal.o(.text) refers to rt_raise.o(.text) for __rt_raise
    rt_raise.o(.text) refers to __raise.o(.text) for __raise
    rt_raise.o(.text) refers to sys_exit.o(.text) for _sys_exit
    defsig_exit.o(.text) refers to sys_exit.o(.text) for _sys_exit
    defsig_rtmem_inner.o(.text) refers to defsig_general.o(.text) for __default_signal_display
    __raise.o(.text) refers to defsig.o(CL$$defsig) for __default_signal_handler
    defsig_general.o(.text) refers to sys_wrch.o(.text) for _ttywrch
    sys_wrch.o(.text) refers (Special) to use_no_semi.o(.text) for __I$use$semihosting
    sys_wrch.o(.text) refers (Special) to indicate_semi.o(.text) for __semihosting_library_function
    defsig.o(CL$$defsig) refers to defsig_rtmem_inner.o(.text) for __rt_SIGRTMEM_inner
    defsig_abrt_inner.o(.text) refers to defsig_general.o(.text) for __default_signal_display
    defsig_fpe_inner.o(.text) refers to defsig_general.o(.text) for __default_signal_display
    defsig_rtred_inner.o(.text) refers to defsig_general.o(.text) for __default_signal_display
    defsig_stak_inner.o(.text) refers to defsig_general.o(.text) for __default_signal_display
    defsig_pvfn_inner.o(.text) refers to defsig_general.o(.text) for __default_signal_display
    defsig_cppl_inner.o(.text) refers to defsig_general.o(.text) for __default_signal_display
    defsig_segv_inner.o(.text) refers to defsig_general.o(.text) for __default_signal_display
    defsig_other.o(.text) refers to defsig_general.o(.text) for __default_signal_display


==============================================================================

Removing Unused input sections from the image.

    Removing stm32f10x_exti.o(.text), (292 bytes).

1 unused section(s) (total 292 bytes) removed from the image.

==============================================================================

Image Symbol Table

    Local Symbols

    Symbol Name                              Value     Ov Type        Size  Object(Section)

    ../clib/angel/boardlib.s                 0x00000000   Number         0  boardinit1.o ABSOLUTE
    ../clib/angel/boardlib.s                 0x00000000   Number         0  boardinit2.o ABSOLUTE
    ../clib/angel/boardlib.s                 0x00000000   Number         0  boardshut.o ABSOLUTE
    ../clib/angel/boardlib.s                 0x00000000   Number         0  boardinit3.o ABSOLUTE
    ../clib/angel/handlers.s                 0x00000000   Number         0  __scatter_zi.o ABSOLUTE
    ../clib/angel/handlers.s                 0x00000000   Number         0  __scatter_copy.o ABSOLUTE
    ../clib/angel/kernel.s                   0x00000000   Number         0  rtentry.o ABSOLUTE
    ../clib/angel/kernel.s                   0x00000000   Number         0  rtentry4.o ABSOLUTE
    ../clib/angel/kernel.s                   0x00000000   Number         0  rtexit.o ABSOLUTE
    ../clib/angel/kernel.s                   0x00000000   Number         0  rtexit2.o ABSOLUTE
    ../clib/angel/kernel.s                   0x00000000   Number         0  rtentry2.o ABSOLUTE
    ../clib/angel/rt.s                       0x00000000   Number         0  rt_raise.o ABSOLUTE
    ../clib/angel/scatter.s                  0x00000000   Number         0  __scatter.o ABSOLUTE
    ../clib/angel/startup.s                  0x00000000   Number         0  __main.o ABSOLUTE
    ../clib/angel/sys.s                      0x00000000   Number         0  sys_stackheap_outer.o ABSOLUTE
    ../clib/angel/sys.s                      0x00000000   Number         0  libspace.o ABSOLUTE
    ../clib/angel/sys.s                      0x00000000   Number         0  indicate_semi.o ABSOLUTE
    ../clib/angel/sys.s                      0x00000000   Number         0  use_no_semi.o ABSOLUTE
    ../clib/angel/sysapp.c                   0x00000000   Number         0  sys_wrch.o ABSOLUTE
    ../clib/angel/sysapp.c                   0x00000000   Number         0  sys_command.o ABSOLUTE
    ../clib/angel/sysapp.c                   0x00000000   Number         0  sys_exit.o ABSOLUTE
    ../clib/armsys.c                         0x00000000   Number         0  argv_veneer.o ABSOLUTE
    ../clib/armsys.c                         0x00000000   Number         0  argv_veneer.o ABSOLUTE
    ../clib/armsys.c                         0x00000000   Number         0  _get_argv_nomalloc.o ABSOLUTE
    ../clib/armsys.c                         0x00000000   Number         0  no_argv.o ABSOLUTE
    ../clib/heapalloc.c                      0x00000000   Number         0  hrguard.o ABSOLUTE
    ../clib/heapaux.c                        0x00000000   Number         0  heapauxi.o ABSOLUTE
    ../clib/libinit.s                        0x00000000   Number         0  libinit2.o ABSOLUTE
    ../clib/libinit.s                        0x00000000   Number         0  libshutdown.o ABSOLUTE
    ../clib/libinit.s                        0x00000000   Number         0  libshutdown2.o ABSOLUTE
    ../clib/libinit.s                        0x00000000   Number         0  libinit.o ABSOLUTE
    ../clib/signal.c                         0x00000000   Number         0  defsig_cppl_inner.o ABSOLUTE
    ../clib/signal.c                         0x00000000   Number         0  defsig_pvfn_inner.o ABSOLUTE
    ../clib/signal.c                         0x00000000   Number         0  defsig_rtred_inner.o ABSOLUTE
    ../clib/signal.c                         0x00000000   Number         0  defsig_fpe_inner.o ABSOLUTE
    ../clib/signal.c                         0x00000000   Number         0  defsig_abrt_inner.o ABSOLUTE
    ../clib/signal.c                         0x00000000   Number         0  defsig_general.o ABSOLUTE
    ../clib/signal.c                         0x00000000   Number         0  __raise.o ABSOLUTE
    ../clib/signal.c                         0x00000000   Number         0  defsig_rtmem_inner.o ABSOLUTE
    ../clib/signal.c                         0x00000000   Number         0  defsig_exit.o ABSOLUTE
    ../clib/signal.c                         0x00000000   Number         0  defsig_rtmem_formal.o ABSOLUTE
    ../clib/signal.c                         0x00000000   Number         0  defsig_rtmem_outer.o ABSOLUTE
    ../clib/signal.c                         0x00000000   Number         0  defsig_stak_inner.o ABSOLUTE
    ../clib/signal.c                         0x00000000   Number         0  defsig_other.o ABSOLUTE
    ../clib/signal.c                         0x00000000   Number         0  defsig_segv_inner.o ABSOLUTE
    ../clib/signal.s                         0x00000000   Number         0  defsig.o ABSOLUTE
    ../clib/stdlib.c                         0x00000000   Number         0  exit.o ABSOLUTE
    ../fplib/fpinit.s                        0x00000000   Number         0  fpinit.o ABSOLUTE
    FWLib\library\src\stm32f10x_exti.c       0x00000000   Number         0  stm32f10x_exti.o ABSOLUTE
    FWLib\library\src\stm32f10x_flash.c      0x00000000   Number         0  stm32f10x_flash.o ABSOLUTE
    FWLib\library\src\stm32f10x_gpio.c       0x00000000   Number         0  stm32f10x_gpio.o ABSOLUTE
    FWLib\library\src\stm32f10x_nvic.c       0x00000000   Number         0  stm32f10x_nvic.o ABSOLUTE
    FWLib\library\src\stm32f10x_rcc.c        0x00000000   Number         0  stm32f10x_rcc.o ABSOLUTE
    FWLib\library\src\stm32f10x_tim.c        0x00000000   Number         0  stm32f10x_tim.o ABSOLUTE
    Source\cortexm3_macro.s                  0x00000000   Number         0  cortexm3_macro.o ABSOLUTE
    Source\hw_config.c                       0x00000000   Number         0  hw_config.o ABSOLUTE
    Source\main.c                            0x00000000   Number         0  main.o ABSOLUTE
    Source\stm32f10x_it.c                    0x00000000   Number         0  stm32f10x_it.o ABSOLUTE
    Source\stm32f10x_vector.s                0x00000000   Number         0  stm32f10x_vector.o ABSOLUTE
    Source\usb_desc.c                        0x00000000   Number         0  usb_desc.o ABSOLUTE
    Source\usb_endp.c                        0x00000000   Number         0  usb_endp.o ABSOLUTE
    Source\usb_istr.c                        0x00000000   Number         0  usb_istr.o ABSOLUTE
    Source\usb_prop.c                        0x00000000   Number         0  usb_prop.o ABSOLUTE
    Source\usb_pwr.c                         0x00000000   Number         0  usb_pwr.o ABSOLUTE
    USB_library\src\usb_core.c               0x00000000   Number         0  usb_core.o ABSOLUTE
    USB_library\src\usb_init.c               0x00000000   Number         0  usb_init.o ABSOLUTE
    USB_library\src\usb_int.c                0x00000000   Number         0  usb_int.o ABSOLUTE
    USB_library\src\usb_mem.c                0x00000000   Number         0  usb_mem.o ABSOLUTE
    USB_library\src\usb_regs.c               0x00000000   Number         0  usb_regs.o ABSOLUTE
    dc.s                                     0x00000000   Number         0  dc.o ABSOLUTE
    RESET                                    0x08000000   Section      304  stm32f10x_vector.o(RESET)
    !!!main                                  0x08000130   Section        8  __main.o(!!!main)
    !!!scatter                               0x08000138   Section       52  __scatter.o(!!!scatter)
    !!handler_copy                           0x0800016c   Section       26  __scatter_copy.o(!!handler_copy)
    !!handler_zi                             0x08000188   Section       28  __scatter_zi.o(!!handler_zi)
    .ARM.Collect$$libinit$$00000000          0x080001a4   Section        2  libinit.o(.ARM.Collect$$libinit$$00000000)
    .ARM.Collect$$libinit$$00000002          0x080001a6   Section        0  libinit2.o(.ARM.Collect$$libinit$$00000002)
    .ARM.Collect$$libinit$$00000008          0x080001a6   Section        0  libinit2.o(.ARM.Collect$$libinit$$00000008)
    .ARM.Collect$$libinit$$0000000A          0x080001a6   Section        0  libinit2.o(.ARM.Collect$$libinit$$0000000A)
    .ARM.Collect$$libinit$$0000000C          0x080001a6   Section        0  libinit2.o(.ARM.Collect$$libinit$$0000000C)
    .ARM.Collect$$libinit$$0000000F          0x080001a6   Section        0  libinit2.o(.ARM.Collect$$libinit$$0000000F)
    .ARM.Collect$$libinit$$00000011          0x080001a6   Section        0  libinit2.o(.ARM.Collect$$libinit$$00000011)
    .ARM.Collect$$libinit$$00000013          0x080001a6   Section        0  libinit2.o(.ARM.Collect$$libinit$$00000013)
    .ARM.Collect$$libinit$$00000015          0x080001a6   Section        0  libinit2.o(.ARM.Collect$$libinit$$00000015)
    .ARM.Collect$$libinit$$00000017          0x080001a6   Section        0  libinit2.o(.ARM.Collect$$libinit$$00000017)
    .ARM.Collect$$libinit$$00000019          0x080001a6   Section        0  libinit2.o(.ARM.Collect$$libinit$$00000019)
    .ARM.Collect$$libinit$$0000001B          0x080001a6   Section        0  libinit2.o(.ARM.Collect$$libinit$$0000001B)
    .ARM.Collect$$libinit$$0000001D          0x080001a6   Section        0  libinit2.o(.ARM.Collect$$libinit$$0000001D)
    .ARM.Collect$$libinit$$0000001F          0x080001a6   Section        0  libinit2.o(.ARM.Collect$$libinit$$0000001F)
    .ARM.Collect$$libinit$$00000021          0x080001a6   Section        0  libinit2.o(.ARM.Collect$$libinit$$00000021)
    .ARM.Collect$$libinit$$00000023          0x080001a6   Section        0  libinit2.o(.ARM.Collect$$libinit$$00000023)
    .ARM.Collect$$libinit$$0000002A          0x080001a6   Section        0  libinit2.o(.ARM.Collect$$libinit$$0000002A)
    .ARM.Collect$$libinit$$0000002C          0x080001a6   Section        0  libinit2.o(.ARM.Collect$$libinit$$0000002C)
    .ARM.Collect$$libinit$$0000002E          0x080001a6   Section        0  libinit2.o(.ARM.Collect$$libinit$$0000002E)
    .ARM.Collect$$libinit$$00000030          0x080001a6   Section        0  libinit2.o(.ARM.Collect$$libinit$$00000030)
    .ARM.Collect$$libinit$$00000031          0x080001a6   Section        2  libinit2.o(.ARM.Collect$$libinit$$00000031)
    .ARM.Collect$$libshutdown$$00000000      0x080001a8   Section        2  libshutdown.o(.ARM.Collect$$libshutdown$$00000000)
    .ARM.Collect$$libshutdown$$00000003      0x080001aa   Section        0  libshutdown2.o(.ARM.Collect$$libshutdown$$00000003)
    .ARM.Collect$$libshutdown$$00000006      0x080001aa   Section        0  libshutdown2.o(.ARM.Collect$$libshutdown$$00000006)
    .ARM.Collect$$libshutdown$$00000009      0x080001aa   Section        0  libshutdown2.o(.ARM.Collect$$libshutdown$$00000009)
    .ARM.Collect$$libshutdown$$0000000B      0x080001aa   Section        0  libshutdown2.o(.ARM.Collect$$libshutdown$$0000000B)
    .ARM.Collect$$libshutdown$$0000000E      0x080001aa   Section        0  libshutdown2.o(.ARM.Collect$$libshutdown$$0000000E)
    .ARM.Collect$$libshutdown$$0000000F      0x080001aa   Section        2  libshutdown2.o(.ARM.Collect$$libshutdown$$0000000F)
    .ARM.Collect$$rtentry$$00000000          0x080001ac   Section        0  rtentry.o(.ARM.Collect$$rtentry$$00000000)
    .ARM.Collect$$rtentry$$00000002          0x080001ac   Section        0  rtentry2.o(.ARM.Collect$$rtentry$$00000002)
    .ARM.Collect$$rtentry$$00000004          0x080001ac   Section        6  rtentry4.o(.ARM.Collect$$rtentry$$00000004)
    .ARM.Collect$$rtentry$$00000009          0x080001b2   Section        0  rtentry2.o(.ARM.Collect$$rtentry$$00000009)
    .ARM.Collect$$rtentry$$0000000A          0x080001b2   Section        4  rtentry2.o(.ARM.Collect$$rtentry$$0000000A)
    .ARM.Collect$$rtentry$$0000000C          0x080001b6   Section        0  rtentry2.o(.ARM.Collect$$rtentry$$0000000C)
    .ARM.Collect$$rtentry$$0000000D          0x080001b6   Section        8  rtentry2.o(.ARM.Collect$$rtentry$$0000000D)
    .ARM.Collect$$rtexit$$00000000           0x080001be   Section        2  rtexit.o(.ARM.Collect$$rtexit$$00000000)
    .ARM.Collect$$rtexit$$00000002           0x080001c0   Section        0  rtexit2.o(.ARM.Collect$$rtexit$$00000002)
    .ARM.Collect$$rtexit$$00000003           0x080001c0   Section        4  rtexit2.o(.ARM.Collect$$rtexit$$00000003)
    .ARM.Collect$$rtexit$$00000004           0x080001c4   Section        6  rtexit2.o(.ARM.Collect$$rtexit$$00000004)
    .text                                    0x080001cc   Section       36  stm32f10x_vector.o(.text)
    .text                                    0x080001f0   Section      122  cortexm3_macro.o(.text)
    .text                                    0x0800026c   Section        0  hw_config.o(.text)
    .text                                    0x080004f8   Section        0  main.o(.text)
    .text                                    0x080005b0   Section        0  usb_endp.o(.text)
    .text                                    0x08000624   Section        0  usb_istr.o(.text)
    .text                                    0x0800071c   Section        0  usb_prop.o(.text)
    .text                                    0x0800096c   Section        0  usb_pwr.o(.text)
    .text                                    0x08000ab4   Section        0  stm32f10x_it.o(.text)
    .text                                    0x08000ba4   Section        0  stm32f10x_gpio.o(.text)
    .text                                    0x08000ed0   Section        0  stm32f10x_nvic.o(.text)
    .text                                    0x080012b0   Section        0  stm32f10x_rcc.o(.text)
    .text                                    0x08001650   Section        0  stm32f10x_tim.o(.text)
    TI4_Config                               0x0800196f   Thumb Code    82  stm32f10x_tim.o(.text)
    TI3_Config                               0x080019d3   Thumb Code    72  stm32f10x_tim.o(.text)
    TI2_Config                               0x08001a45   Thumb Code    80  stm32f10x_tim.o(.text)
    TI1_Config                               0x08001aa7   Thumb Code    56  stm32f10x_tim.o(.text)
    .text                                    0x08002218   Section        0  stm32f10x_flash.o(.text)
    .text                                    0x08002260   Section        0  usb_core.o(.text)
    DataStageOut                             0x08002613   Thumb Code   200  usb_core.o(.text)
    DataStageIn                              0x080026db   Thumb Code   166  usb_core.o(.text)
    NoData_Setup0                            0x08002781   Thumb Code   300  usb_core.o(.text)
    Data_Setup0                              0x080028ad   Thumb Code   662  usb_core.o(.text)
    .text                                    0x08002d28   Section        0  usb_init.o(.text)
    .text                                    0x08002d64   Section        0  usb_int.o(.text)
    .text                                    0x08003110   Section        0  usb_mem.o(.text)
    .text                                    0x0800316c   Section        0  usb_regs.o(.text)
    .text                                    0x080038b8   Section        0  heapauxi.o(.text)
    .text                                    0x080038be   Section       74  sys_stackheap_outer.o(.text)
    .text                                    0x08003908   Section        0  exit.o(.text)
    .text                                    0x08003914   Section        8  libspace.o(.text)
    .text                                    0x0800391c   Section        0  sys_exit.o(.text)
    .text                                    0x08003928   Section        2  use_no_semi.o(.text)
    .constdata                               0x0800392a   Section      134  usb_desc.o(.constdata)
    .text                                    0x0800392a   Section        0  indicate_semi.o(.text)
    .constdata                               0x080039b0   Section       20  stm32f10x_rcc.o(.constdata)
    APBAHBPrescTable                         0x080039b0   Data          16  stm32f10x_rcc.o(.constdata)
    ADCPrescTable                            0x080039c0   Data           4  stm32f10x_rcc.o(.constdata)
    .data                                    0x20000000   Section        1  hw_config.o(.data)
    .data                                    0x20000001   Section        1  main.o(.data)
    .data                                    0x20000002   Section       26  usb_desc.o(.data)
    .data                                    0x2000001c   Section        1  usb_endp.o(.data)
    .data                                    0x20000020   Section       62  usb_istr.o(.data)
    .data                                    0x20000060   Section      156  usb_prop.o(.data)
    .data                                    0x200000fc   Section        7  usb_pwr.o(.data)
    .data                                    0x20000103   Section        1  stm32f10x_it.o(.data)
    .data                                    0x20000104   Section        4  usb_core.o(.data)
    .data                                    0x20000108   Section       20  usb_init.o(.data)
    .data                                    0x2000011c   Section        4  usb_int.o(.data)
    .bss                                     0x20000120   Section       44  usb_endp.o(.bss)
    .bss                                     0x2000014c   Section       28  usb_init.o(.bss)
    .bss                                     0x20000168   Section       96  libspace.o(.bss)
    HEAP                                     0x200001c8   Section     1024  stm32f10x_vector.o(HEAP)
    Heap_Mem                                 0x200001c8   Data        1024  stm32f10x_vector.o(HEAP)
    STACK                                    0x200005c8   Section     1024  stm32f10x_vector.o(STACK)
    Stack_Mem                                0x200005c8   Data        1024  stm32f10x_vector.o(STACK)
    __initial_sp                             0x200009c8   Data           0  stm32f10x_vector.o(STACK)

    Global Symbols

    Symbol Name                              Value     Ov Type        Size  Object(Section)

    BuildAttributes$$THM_ISAv4$P$D$K$B$S$PE$A:L22UL41UL21$X:L11$S22US41US21$IEEE1$IW$USESV6$~STKCKD$USESV7$~SHL$OSPACE$ROPI$EBA8$UX$STANDARDLIB$REQ8$PRES8$EABIv2 0x00000000   Number         0  anon$$obj.o ABSOLUTE
    __ARM_use_no_argv                        0x00000000   Number         0  main.o ABSOLUTE
    __ARM_exceptions_init                     - Undefined Weak Reference
    __alloca_initialize                       - Undefined Weak Reference
    __cpp_initialize__aeabi_                  - Undefined Weak Reference
    __cxa_finalize                            - Undefined Weak Reference
    __rt_locale                               - Undefined Weak Reference
    __sigvec_lookup                           - Undefined Weak Reference
    _atexit_init                              - Undefined Weak Reference
    _call_atexit_fns                          - Undefined Weak Reference
    _clock_init                               - Undefined Weak Reference
    _fp_trap_init                             - Undefined Weak Reference
    _fp_trap_shutdown                         - Undefined Weak Reference
    _get_lc_collate                           - Undefined Weak Reference
    _get_lc_ctype                             - Undefined Weak Reference
    _get_lc_monetary                          - Undefined Weak Reference
    _get_lc_numeric                           - Undefined Weak Reference
    _get_lc_time                              - Undefined Weak Reference
    _getenv_init                              - Undefined Weak Reference
    _handle_redirection                       - Undefined Weak Reference
    _init_alloc                               - Undefined Weak Reference
    _init_user_alloc                          - Undefined Weak Reference
    _initio                                   - Undefined Weak Reference
    _rand_init                                - Undefined Weak Reference
    _signal_finish                            - Undefined Weak Reference
    _signal_init                              - Undefined Weak Reference
    _terminate_alloc                          - Undefined Weak Reference
    _terminate_user_alloc                     - Undefined Weak Reference
    _terminateio                              - Undefined Weak Reference
    __Vectors                                0x08000000   Data           4  stm32f10x_vector.o(RESET)
    __main                                   0x08000131   Thumb Code     8  __main.o(!!!main)
    __scatterload                            0x08000139   Thumb Code     0  __scatter.o(!!!scatter)
    __scatterload_rt2                        0x08000139   Thumb Code    44  __scatter.o(!!!scatter)
    __scatterload_rt2_thumb_only             0x08000139   Thumb Code     0  __scatter.o(!!!scatter)
    __scatterload_null                       0x08000147   Thumb Code     0  __scatter.o(!!!scatter)
    __scatterload_copy                       0x0800016d   Thumb Code    26  __scatter_copy.o(!!handler_copy)
    __scatterload_zeroinit                   0x08000189   Thumb Code    28  __scatter_zi.o(!!handler_zi)
    __rt_lib_init                            0x080001a5   Thumb Code     0  libinit.o(.ARM.Collect$$libinit$$00000000)
    __rt_lib_init_alloca_1                   0x080001a7   Thumb Code     0  libinit2.o(.ARM.Collect$$libinit$$0000002C)
    __rt_lib_init_argv_1                     0x080001a7   Thumb Code     0  libinit2.o(.ARM.Collect$$libinit$$0000002A)
    __rt_lib_init_atexit_1                   0x080001a7   Thumb Code     0  libinit2.o(.ARM.Collect$$libinit$$00000019)
    __rt_lib_init_clock_1                    0x080001a7   Thumb Code     0  libinit2.o(.ARM.Collect$$libinit$$0000001F)
    __rt_lib_init_cpp_1                      0x080001a7   Thumb Code     0  libinit2.o(.ARM.Collect$$libinit$$00000030)
    __rt_lib_init_exceptions_1               0x080001a7   Thumb Code     0  libinit2.o(.ARM.Collect$$libinit$$0000002E)
    __rt_lib_init_fp_1                       0x080001a7   Thumb Code     0  libinit2.o(.ARM.Collect$$libinit$$00000002)
    __rt_lib_init_fp_trap_1                  0x080001a7   Thumb Code     0  libinit2.o(.ARM.Collect$$libinit$$0000001D)
    __rt_lib_init_getenv_1                   0x080001a7   Thumb Code     0  libinit2.o(.ARM.Collect$$libinit$$00000021)
    __rt_lib_init_heap_1                     0x080001a7   Thumb Code     0  libinit2.o(.ARM.Collect$$libinit$$00000008)
    __rt_lib_init_lc_collate_1               0x080001a7   Thumb Code     0  libinit2.o(.ARM.Collect$$libinit$$0000000F)
    __rt_lib_init_lc_ctype_1                 0x080001a7   Thumb Code     0  libinit2.o(.ARM.Collect$$libinit$$00000011)
    __rt_lib_init_lc_monetary_1              0x080001a7   Thumb Code     0  libinit2.o(.ARM.Collect$$libinit$$00000013)
    __rt_lib_init_lc_numeric_1               0x080001a7   Thumb Code     0  libinit2.o(.ARM.Collect$$libinit$$00000015)
    __rt_lib_init_lc_time_1                  0x080001a7   Thumb Code     0  libinit2.o(.ARM.Collect$$libinit$$00000017)
    __rt_lib_init_rand_1                     0x080001a7   Thumb Code     0  libinit2.o(.ARM.Collect$$libinit$$0000000C)
    __rt_lib_init_return                     0x080001a7   Thumb Code     0  libinit2.o(.ARM.Collect$$libinit$$00000031)
    __rt_lib_init_signal_1                   0x080001a7   Thumb Code     0  libinit2.o(.ARM.Collect$$libinit$$0000001B)
    __rt_lib_init_stdio_1                    0x080001a7   Thumb Code     0  libinit2.o(.ARM.Collect$$libinit$$00000023)
    __rt_lib_init_user_alloc_1               0x080001a7   Thumb Code     0  libinit2.o(.ARM.Collect$$libinit$$0000000A)
    __rt_lib_shutdown                        0x080001a9   Thumb Code     0  libshutdown.o(.ARM.Collect$$libshutdown$$00000000)
    __rt_lib_shutdown_fp_trap_1              0x080001ab   Thumb Code     0  libshutdown2.o(.ARM.Collect$$libshutdown$$00000006)
    __rt_lib_shutdown_heap_1                 0x080001ab   Thumb Code     0  libshutdown2.o(.ARM.Collect$$libshutdown$$0000000E)
    __rt_lib_shutdown_return                 0x080001ab   Thumb Code     0  libshutdown2.o(.ARM.Collect$$libshutdown$$0000000F)
    __rt_lib_shutdown_signal_1               0x080001ab   Thumb Code     0  libshutdown2.o(.ARM.Collect$$libshutdown$$00000009)
    __rt_lib_shutdown_stdio_1                0x080001ab   Thumb Code     0  libshutdown2.o(.ARM.Collect$$libshutdown$$00000003)
    __rt_lib_shutdown_user_alloc_1           0x080001ab   Thumb Code     0  libshutdown2.o(.ARM.Collect$$libshutdown$$0000000B)
    __rt_entry                               0x080001ad   Thumb Code     0  rtentry.o(.ARM.Collect$$rtentry$$00000000)
    __rt_entry_presh_1                       0x080001ad   Thumb Code     0  rtentry2.o(.ARM.Collect$$rtentry$$00000002)
    __rt_entry_sh                            0x080001ad   Thumb Code     0  rtentry4.o(.ARM.Collect$$rtentry$$00000004)
    __rt_entry_li                            0x080001b3   Thumb Code     0  rtentry2.o(.ARM.Collect$$rtentry$$0000000A)
    __rt_entry_postsh_1                      0x080001b3   Thumb Code     0  rtentry2.o(.ARM.Collect$$rtentry$$00000009)
    __rt_entry_main                          0x080001b7   Thumb Code     0  rtentry2.o(.ARM.Collect$$rtentry$$0000000D)
    __rt_entry_postli_1                      0x080001b7   Thumb Code     0  rtentry2.o(.ARM.Collect$$rtentry$$0000000C)
    __rt_exit                                0x080001bf   Thumb Code     0  rtexit.o(.ARM.Collect$$rtexit$$00000000)
    __rt_exit_ls                             0x080001c1   Thumb Code     0  rtexit2.o(.ARM.Collect$$rtexit$$00000003)
    __rt_exit_prels_1                        0x080001c1   Thumb Code     0  rtexit2.o(.ARM.Collect$$rtexit$$00000002)
    __rt_exit_exit                           0x080001c5   Thumb Code     0  rtexit2.o(.ARM.Collect$$rtexit$$00000004)
    Reset_Handler                            0x080001cd   Thumb Code     4  stm32f10x_vector.o(.text)
    __user_initial_stackheap                 0x080001d1   Thumb Code     0  stm32f10x_vector.o(.text)
    __WFI                                    0x080001f1   Thumb Code     0  cortexm3_macro.o(.text)
    __WFE                                    0x080001f5   Thumb Code     0  cortexm3_macro.o(.text)
    __SEV                                    0x080001f9   Thumb Code     0  cortexm3_macro.o(.text)
    __ISB                                    0x080001fd   Thumb Code     0  cortexm3_macro.o(.text)
    __DSB                                    0x08000203   Thumb Code     0  cortexm3_macro.o(.text)
    __DMB                                    0x08000209   Thumb Code     0  cortexm3_macro.o(.text)
    __SVC                                    0x0800020f   Thumb Code     0  cortexm3_macro.o(.text)
    __MRS_CONTROL                            0x08000213   Thumb Code     0  cortexm3_macro.o(.text)
    __MSR_CONTROL                            0x08000219   Thumb Code     0  cortexm3_macro.o(.text)
    __MRS_PSP                                0x08000223   Thumb Code     0  cortexm3_macro.o(.text)
    __MSR_PSP                                0x08000229   Thumb Code     0  cortexm3_macro.o(.text)
    __MRS_MSP                                0x0800022f   Thumb Code     0  cortexm3_macro.o(.text)
    __MSR_MSP                                0x08000235   Thumb Code     0  cortexm3_macro.o(.text)
    __RESETPRIMASK                           0x0800023b   Thumb Code     0  cortexm3_macro.o(.text)
    __SETPRIMASK                             0x0800023f   Thumb Code     0  cortexm3_macro.o(.text)
    __READ_PRIMASK                           0x08000243   Thumb Code     0  cortexm3_macro.o(.text)
    __SETFAULTMASK                           0x08000249   Thumb Code     0  cortexm3_macro.o(.text)
    __RESETFAULTMASK                         0x0800024d   Thumb Code     0  cortexm3_macro.o(.text)
    __READ_FAULTMASK                         0x08000251   Thumb Code     0  cortexm3_macro.o(.text)
    __BASEPRICONFIG                          0x08000257   Thumb Code     0  cortexm3_macro.o(.text)
    __GetBASEPRI                             0x0800025d   Thumb Code     0  cortexm3_macro.o(.text)
    __REV_HalfWord                           0x08000263   Thumb Code     0  cortexm3_macro.o(.text)
    __REV_Word                               0x08000267   Thumb Code     0  cortexm3_macro.o(.text)
    Timer2Configuration                      0x0800026d   Thumb Code    66  hw_config.o(.text)
    GPIO_Configuration                       0x080002af   Thumb Code   110  hw_config.o(.text)
    Set_System                               0x0800031d   Thumb Code    12  hw_config.o(.text)
    ConfigurationGPIO                        0x08000329   Thumb Code     8  hw_config.o(.text)
    RCC_Configuration                        0x08000331   Thumb Code   128  hw_config.o(.text)
    Set_USBClock                             0x080003b1   Thumb Code    18  hw_config.o(.text)
    Enter_LowPowerMode                       0x080003c3   Thumb Code     8  hw_config.o(.text)
    Leave_LowPowerMode                       0x080003cb   Thumb Code    22  hw_config.o(.text)
    USB_Interrupts_Config                    0x080003e1   Thumb Code    64  hw_config.o(.text)
    USB_Cable_Config                         0x08000421   Thumb Code    30  hw_config.o(.text)
    DisableClock                             0x0800043f   Thumb Code    22  hw_config.o(.text)
    Get_SerialNum                            0x08000455   Thumb Code    62  hw_config.o(.text)
    USB_Connect                              0x08000493   Thumb Code    66  hw_config.o(.text)
    USB_SendString                           0x080004f9   Thumb Code    56  main.o(.text)
    NVIC_Configuration                       0x08000531   Thumb Code    14  main.o(.text)
    main                                     0x0800053f   Thumb Code    60  main.o(.text)
    Delay                                    0x0800057b   Thumb Code    18  main.o(.text)
    EP1_OUT_Callback                         0x080005b1   Thumb Code    38  usb_endp.o(.text)
    EP2_IN_Callback                          0x080005d7   Thumb Code    56  usb_endp.o(.text)
    USB_Istr                                 0x08000625   Thumb Code   222  usb_istr.o(.text)
    CustomHID_init                           0x0800071d   Thumb Code    50  usb_prop.o(.text)
    CustomHID_Reset                          0x0800074f   Thumb Code   176  usb_prop.o(.text)
    CustomHID_SetConfiguration               0x080007ff   Thumb Code    16  usb_prop.o(.text)
    CustomHID_SetDeviceAddress               0x0800080f   Thumb Code     8  usb_prop.o(.text)
    CustomHID_Status_In                      0x08000817   Thumb Code     2  usb_prop.o(.text)
    CustomHID_Status_Out                     0x08000819   Thumb Code     2  usb_prop.o(.text)
    CustomHID_GetProtocolValue               0x0800081b   Thumb Code    20  usb_prop.o(.text)
    CustomHID_GetHIDDescriptor               0x0800082f   Thumb Code    14  usb_prop.o(.text)
    CustomHID_GetReportDescriptor            0x0800083d   Thumb Code    14  usb_prop.o(.text)
    CustomHID_Data_Setup                     0x0800084b   Thumb Code   114  usb_prop.o(.text)
    CustomHID_SetProtocol                    0x080008bd   Thumb Code    14  usb_prop.o(.text)
    CustomHID_NoData_Setup                   0x080008cb   Thumb Code    32  usb_prop.o(.text)
    CustomHID_GetDeviceDescriptor            0x080008eb   Thumb Code    14  usb_prop.o(.text)
    CustomHID_GetConfigDescriptor            0x080008f9   Thumb Code    14  usb_prop.o(.text)
    CustomHID_GetStringDescriptor            0x08000907   Thumb Code    32  usb_prop.o(.text)
    CustomHID_Get_Interface_Setting          0x08000927   Thumb Code    22  usb_prop.o(.text)
    PowerOn                                  0x0800096d   Thumb Code    54  usb_pwr.o(.text)
    PowerOff                                 0x080009a3   Thumb Code    28  usb_pwr.o(.text)
    Suspend                                  0x080009bf   Thumb Code    34  usb_pwr.o(.text)
    Resume_Init                              0x080009e1   Thumb Code    30  usb_pwr.o(.text)
    Resume                                   0x080009ff   Thumb Code   168  usb_pwr.o(.text)
    NMIException                             0x08000ab5   Thumb Code     2  stm32f10x_it.o(.text)
    HardFaultException                       0x08000ab7   Thumb Code     4  stm32f10x_it.o(.text)
    MemManageException                       0x08000abb   Thumb Code     4  stm32f10x_it.o(.text)
    BusFaultException                        0x08000abf   Thumb Code     4  stm32f10x_it.o(.text)
    UsageFaultException                      0x08000ac3   Thumb Code     4  stm32f10x_it.o(.text)
    DebugMonitor                             0x08000ac7   Thumb Code     2  stm32f10x_it.o(.text)
    SVCHandler                               0x08000ac9   Thumb Code     2  stm32f10x_it.o(.text)
    PendSVC                                  0x08000acb   Thumb Code     2  stm32f10x_it.o(.text)
    SysTickHandler                           0x08000acd   Thumb Code     2  stm32f10x_it.o(.text)
    WWDG_IRQHandler                          0x08000acf   Thumb Code     2  stm32f10x_it.o(.text)
    PVD_IRQHandler                           0x08000ad1   Thumb Code     2  stm32f10x_it.o(.text)
    TAMPER_IRQHandler                        0x08000ad3   Thumb Code     2  stm32f10x_it.o(.text)
    RTC_IRQHandler                           0x08000ad5   Thumb Code     2  stm32f10x_it.o(.text)
    ClendarAlarmProc                         0x08000ad7   Thumb Code     2  stm32f10x_it.o(.text)
    RTCAlarm_IRQHandler                      0x08000ad9   Thumb Code     2  stm32f10x_it.o(.text)
    FLASH_IRQHandler                         0x08000adb   Thumb Code     2  stm32f10x_it.o(.text)
    RCC_IRQHandler                           0x08000add   Thumb Code     2  stm32f10x_it.o(.text)
    EXTI0_IRQHandler                         0x08000adf   Thumb Code     2  stm32f10x_it.o(.text)
    EXTI1_IRQHandler                         0x08000ae1   Thumb Code     2  stm32f10x_it.o(.text)
    EXTI2_IRQHandler                         0x08000ae3   Thumb Code     2  stm32f10x_it.o(.text)
    EXTI3_IRQHandler                         0x08000ae5   Thumb Code     2  stm32f10x_it.o(.text)
    EXTI4_IRQHandler                         0x08000ae7   Thumb Code     2  stm32f10x_it.o(.text)
    DMA1_Channel1_IRQHandler                 0x08000ae9   Thumb Code     2  stm32f10x_it.o(.text)
    DMA1_Channel2_IRQHandler                 0x08000aeb   Thumb Code     2  stm32f10x_it.o(.text)
    DMA1_Channel3_IRQHandler                 0x08000aed   Thumb Code     2  stm32f10x_it.o(.text)
    DMA1_Channel4_IRQHandler                 0x08000aef   Thumb Code     2  stm32f10x_it.o(.text)
    DMA1_Channel5_IRQHandler                 0x08000af1   Thumb Code     2  stm32f10x_it.o(.text)
    DMA1_Channel6_IRQHandler                 0x08000af3   Thumb Code     2  stm32f10x_it.o(.text)
    DMA1_Channel7_IRQHandler                 0x08000af5   Thumb Code     2  stm32f10x_it.o(.text)
    ADC1_2_IRQHandler                        0x08000af7   Thumb Code     2  stm32f10x_it.o(.text)
    USB_HP_CAN_TX_IRQHandler                 0x08000af9   Thumb Code     2  stm32f10x_it.o(.text)
    USB_LP_CAN_RX0_IRQHandler                0x08000afb   Thumb Code     8  stm32f10x_it.o(.text)
    CAN_RX1_IRQHandler                       0x08000b03   Thumb Code     2  stm32f10x_it.o(.text)
    CAN_SCE_IRQHandler                       0x08000b05   Thumb Code     2  stm32f10x_it.o(.text)
    EXTI9_5_IRQHandler                       0x08000b07   Thumb Code     2  stm32f10x_it.o(.text)
    ConfigSysClk                             0x08000b09   Thumb Code     2  stm32f10x_it.o(.text)
    TIM1_BRK_IRQHandler                      0x08000b0b   Thumb Code     2  stm32f10x_it.o(.text)
    TIM1_UP_IRQHandler                       0x08000b0d   Thumb Code     2  stm32f10x_it.o(.text)
    TIM1_TRG_COM_IRQHandler                  0x08000b0f   Thumb Code     2  stm32f10x_it.o(.text)
    TIM1_CC_IRQHandler                       0x08000b11   Thumb Code     2  stm32f10x_it.o(.text)
    TIM2_IRQHandler                          0x08000b13   Thumb Code    76  stm32f10x_it.o(.text)
    TIM3_IRQHandler                          0x08000b5f   Thumb Code     2  stm32f10x_it.o(.text)
    TIM4_IRQHandler                          0x08000b61   Thumb Code     2  stm32f10x_it.o(.text)
    I2C1_EV_IRQHandler                       0x08000b63   Thumb Code     2  stm32f10x_it.o(.text)
    I2C1_ER_IRQHandler                       0x08000b65   Thumb Code     2  stm32f10x_it.o(.text)
    I2C2_EV_IRQHandler                       0x08000b67   Thumb Code     2  stm32f10x_it.o(.text)
    I2C2_ER_IRQHandler                       0x08000b69   Thumb Code     2  stm32f10x_it.o(.text)
    SPI1_IRQHandler                          0x08000b6b   Thumb Code     2  stm32f10x_it.o(.text)
    SPI2_IRQHandler                          0x08000b6d   Thumb Code     2  stm32f10x_it.o(.text)
    USART1_IRQHandler                        0x08000b6f   Thumb Code     2  stm32f10x_it.o(.text)
    USART2_IRQHandler                        0x08000b71   Thumb Code     2  stm32f10x_it.o(.text)
    USART3_IRQHandler                        0x08000b73   Thumb Code     2  stm32f10x_it.o(.text)
    EXTI15_10_IRQHandler                     0x08000b75   Thumb Code     2  stm32f10x_it.o(.text)
    USBWakeUp_IRQHandler                     0x08000b77   Thumb Code     2  stm32f10x_it.o(.text)
    TIM8_BRK_IRQHandler                      0x08000b79   Thumb Code     2  stm32f10x_it.o(.text)
    TIM8_UP_IRQHandler                       0x08000b7b   Thumb Code     2  stm32f10x_it.o(.text)
    TIM8_TRG_COM_IRQHandler                  0x08000b7d   Thumb Code     2  stm32f10x_it.o(.text)
    TIM8_CC_IRQHandler                       0x08000b7f   Thumb Code     2  stm32f10x_it.o(.text)
    ADC3_IRQHandler                          0x08000b81   Thumb Code     2  stm32f10x_it.o(.text)
    FSMC_IRQHandler                          0x08000b83   Thumb Code     2  stm32f10x_it.o(.text)
    SDIO_IRQHandler                          0x08000b85   Thumb Code     2  stm32f10x_it.o(.text)
    TIM5_IRQHandler                          0x08000b87   Thumb Code     2  stm32f10x_it.o(.text)
    SPI3_IRQHandler                          0x08000b89   Thumb Code     2  stm32f10x_it.o(.text)
    UART4_IRQHandler                         0x08000b8b   Thumb Code     2  stm32f10x_it.o(.text)
    UART5_IRQHandler                         0x08000b8d   Thumb Code     2  stm32f10x_it.o(.text)
    TIM6_IRQHandler                          0x08000b8f   Thumb Code     2  stm32f10x_it.o(.text)
    TIM7_IRQHandler                          0x08000b91   Thumb Code     2  stm32f10x_it.o(.text)
    DMA2_Channel1_IRQHandler                 0x08000b93   Thumb Code     2  stm32f10x_it.o(.text)
    DMA2_Channel2_IRQHandler                 0x08000b95   Thumb Code     2  stm32f10x_it.o(.text)
    DMA2_Channel3_IRQHandler                 0x08000b97   Thumb Code     2  stm32f10x_it.o(.text)
    DMA2_Channel4_5_IRQHandler               0x08000b99   Thumb Code     2  stm32f10x_it.o(.text)
    GPIO_DeInit                              0x08000ba5   Thumb Code   188  stm32f10x_gpio.o(.text)
    GPIO_AFIODeInit                          0x08000c61   Thumb Code    20  stm32f10x_gpio.o(.text)
    GPIO_Init                                0x08000c75   Thumb Code   274  stm32f10x_gpio.o(.text)
    GPIO_StructInit                          0x08000d87   Thumb Code    16  stm32f10x_gpio.o(.text)
    GPIO_ReadInputDataBit                    0x08000d97   Thumb Code    18  stm32f10x_gpio.o(.text)
    GPIO_ReadInputData                       0x08000da9   Thumb Code     8  stm32f10x_gpio.o(.text)
    GPIO_ReadOutputDataBit                   0x08000db1   Thumb Code    18  stm32f10x_gpio.o(.text)
    GPIO_ReadOutputData                      0x08000dc3   Thumb Code     8  stm32f10x_gpio.o(.text)
    GPIO_SetBits                             0x08000dcb   Thumb Code     4  stm32f10x_gpio.o(.text)
    GPIO_ResetBits                           0x08000dcf   Thumb Code     4  stm32f10x_gpio.o(.text)
    GPIO_WriteBit                            0x08000dd3   Thumb Code    10  stm32f10x_gpio.o(.text)
    GPIO_Write                               0x08000ddd   Thumb Code     4  stm32f10x_gpio.o(.text)
    GPIO_PinLockConfig                       0x08000de1   Thumb Code    18  stm32f10x_gpio.o(.text)
    GPIO_EventOutputConfig                   0x08000df3   Thumb Code    26  stm32f10x_gpio.o(.text)
    GPIO_EventOutputCmd                      0x08000e0d   Thumb Code     6  stm32f10x_gpio.o(.text)
    GPIO_PinRemapConfig                      0x08000e13   Thumb Code   106  stm32f10x_gpio.o(.text)
    GPIO_EXTILineConfig                      0x08000e7d   Thumb Code    66  stm32f10x_gpio.o(.text)
    NVIC_DeInit                              0x08000ed1   Thumb Code    58  stm32f10x_nvic.o(.text)
    NVIC_SCBDeInit                           0x08000f0b   Thumb Code    76  stm32f10x_nvic.o(.text)
    NVIC_PriorityGroupConfig                 0x08000f57   Thumb Code    12  stm32f10x_nvic.o(.text)
    NVIC_Init                                0x08000f63   Thumb Code   154  stm32f10x_nvic.o(.text)
    NVIC_StructInit                          0x08000ffd   Thumb Code    12  stm32f10x_nvic.o(.text)
    NVIC_SETPRIMASK                          0x08001009   Thumb Code     8  stm32f10x_nvic.o(.text)
    NVIC_RESETPRIMASK                        0x08001011   Thumb Code     8  stm32f10x_nvic.o(.text)
    NVIC_SETFAULTMASK                        0x08001019   Thumb Code     8  stm32f10x_nvic.o(.text)
    NVIC_RESETFAULTMASK                      0x08001021   Thumb Code     8  stm32f10x_nvic.o(.text)
    NVIC_BASEPRICONFIG                       0x08001029   Thumb Code    12  stm32f10x_nvic.o(.text)
    NVIC_GetBASEPRI                          0x08001035   Thumb Code     8  stm32f10x_nvic.o(.text)
    NVIC_GetCurrentPendingIRQChannel         0x0800103d   Thumb Code    10  stm32f10x_nvic.o(.text)
    NVIC_GetIRQChannelPendingBitStatus       0x08001047   Thumb Code    42  stm32f10x_nvic.o(.text)
    NVIC_SetIRQChannelPendingBit             0x08001071   Thumb Code     6  stm32f10x_nvic.o(.text)
    NVIC_ClearIRQChannelPendingBit           0x08001077   Thumb Code    20  stm32f10x_nvic.o(.text)
    NVIC_GetCurrentActiveHandler             0x0800108b   Thumb Code    10  stm32f10x_nvic.o(.text)
    NVIC_GetIRQChannelActiveBitStatus        0x08001095   Thumb Code    42  stm32f10x_nvic.o(.text)
    NVIC_GetCPUID                            0x080010bf   Thumb Code     8  stm32f10x_nvic.o(.text)
    NVIC_SetVectorTable                      0x080010c7   Thumb Code    14  stm32f10x_nvic.o(.text)
    NVIC_GenerateSystemReset                 0x080010d5   Thumb Code    12  stm32f10x_nvic.o(.text)
    NVIC_GenerateCoreReset                   0x080010e1   Thumb Code    12  stm32f10x_nvic.o(.text)
    NVIC_SystemLPConfig                      0x080010ed   Thumb Code    34  stm32f10x_nvic.o(.text)
    NVIC_SystemHandlerConfig                 0x0800110f   Thumb Code    48  stm32f10x_nvic.o(.text)
    NVIC_SystemHandlerPriorityConfig         0x0800113f   Thumb Code   110  stm32f10x_nvic.o(.text)
    NVIC_GetSystemHandlerPendingBitStatus    0x080011ad   Thumb Code    44  stm32f10x_nvic.o(.text)
    NVIC_SetSystemHandlerPendingBit          0x080011d9   Thumb Code    22  stm32f10x_nvic.o(.text)
    NVIC_ClearSystemHandlerPendingBit        0x080011ef   Thumb Code    26  stm32f10x_nvic.o(.text)
    NVIC_GetSystemHandlerActiveBitStatus     0x08001209   Thumb Code    42  stm32f10x_nvic.o(.text)
    NVIC_GetFaultHandlerSources              0x08001233   Thumb Code    66  stm32f10x_nvic.o(.text)
    NVIC_GetFaultAddress                     0x08001275   Thumb Code    28  stm32f10x_nvic.o(.text)
    RCC_DeInit                               0x080012b1   Thumb Code    62  stm32f10x_rcc.o(.text)
    RCC_HSEConfig                            0x080012ef   Thumb Code    70  stm32f10x_rcc.o(.text)
    RCC_GetFlagStatus                        0x08001335   Thumb Code    56  stm32f10x_rcc.o(.text)
    RCC_WaitForHSEStartUp                    0x0800136d   Thumb Code    54  stm32f10x_rcc.o(.text)
    RCC_AdjustHSICalibrationValue            0x080013a3   Thumb Code    20  stm32f10x_rcc.o(.text)
    RCC_HSICmd                               0x080013b7   Thumb Code     6  stm32f10x_rcc.o(.text)
    RCC_PLLConfig                            0x080013bd   Thumb Code    24  stm32f10x_rcc.o(.text)
    RCC_PLLCmd                               0x080013d5   Thumb Code     6  stm32f10x_rcc.o(.text)
    RCC_SYSCLKConfig                         0x080013db   Thumb Code    18  stm32f10x_rcc.o(.text)
    RCC_GetSYSCLKSource                      0x080013ed   Thumb Code    10  stm32f10x_rcc.o(.text)
    RCC_HCLKConfig                           0x080013f7   Thumb Code    18  stm32f10x_rcc.o(.text)
    RCC_PCLK1Config                          0x08001409   Thumb Code    18  stm32f10x_rcc.o(.text)
    RCC_PCLK2Config                          0x0800141b   Thumb Code    20  stm32f10x_rcc.o(.text)
    RCC_ITConfig                             0x0800142f   Thumb Code    26  stm32f10x_rcc.o(.text)
    RCC_USBCLKConfig                         0x08001449   Thumb Code     6  stm32f10x_rcc.o(.text)
    RCC_ADCCLKConfig                         0x0800144f   Thumb Code    18  stm32f10x_rcc.o(.text)
    RCC_LSEConfig                            0x08001461   Thumb Code    44  stm32f10x_rcc.o(.text)
    RCC_LSICmd                               0x0800148d   Thumb Code     6  stm32f10x_rcc.o(.text)
    RCC_RTCCLKConfig                         0x08001493   Thumb Code    12  stm32f10x_rcc.o(.text)
    RCC_RTCCLKCmd                            0x0800149f   Thumb Code     8  stm32f10x_rcc.o(.text)
    RCC_GetClocksFreq                        0x080014a7   Thumb Code   192  stm32f10x_rcc.o(.text)
    RCC_AHBPeriphClockCmd                    0x08001567   Thumb Code    26  stm32f10x_rcc.o(.text)
    RCC_APB2PeriphClockCmd                   0x08001581   Thumb Code    26  stm32f10x_rcc.o(.text)
    RCC_APB1PeriphClockCmd                   0x0800159b   Thumb Code    26  stm32f10x_rcc.o(.text)
    RCC_APB2PeriphResetCmd                   0x080015b5   Thumb Code    26  stm32f10x_rcc.o(.text)
    RCC_APB1PeriphResetCmd                   0x080015cf   Thumb Code    26  stm32f10x_rcc.o(.text)
    RCC_BackupResetCmd                       0x080015e9   Thumb Code     8  stm32f10x_rcc.o(.text)
    RCC_ClockSecuritySystemCmd               0x080015f1   Thumb Code     6  stm32f10x_rcc.o(.text)
    RCC_MCOConfig                            0x080015f7   Thumb Code     6  stm32f10x_rcc.o(.text)
    RCC_ClearFlag                            0x080015fd   Thumb Code    14  stm32f10x_rcc.o(.text)
    RCC_GetITStatus                          0x0800160b   Thumb Code    20  stm32f10x_rcc.o(.text)
    RCC_ClearITPendingBit                    0x0800161f   Thumb Code     6  stm32f10x_rcc.o(.text)
    TIM_DeInit                               0x08001651   Thumb Code   214  stm32f10x_tim.o(.text)
    TIM_TimeBaseInit                         0x08001727   Thumb Code    50  stm32f10x_tim.o(.text)
    TIM_OC1Init                              0x08001759   Thumb Code   110  stm32f10x_tim.o(.text)
    TIM_OC2Init                              0x080017c7   Thumb Code   148  stm32f10x_tim.o(.text)
    TIM_OC3Init                              0x0800185b   Thumb Code   144  stm32f10x_tim.o(.text)
    TIM_OC4Init                              0x080018eb   Thumb Code   106  stm32f10x_tim.o(.text)
    TIM_SetIC4Prescaler                      0x08001955   Thumb Code    26  stm32f10x_tim.o(.text)
    TIM_SetIC3Prescaler                      0x080019c1   Thumb Code    18  stm32f10x_tim.o(.text)
    TIM_SetIC2Prescaler                      0x08001a1b   Thumb Code    42  stm32f10x_tim.o(.text)
    TIM_SetIC1Prescaler                      0x08001a95   Thumb Code    18  stm32f10x_tim.o(.text)
    TIM_ICInit                               0x08001adf   Thumb Code   110  stm32f10x_tim.o(.text)
    TIM_PWMIConfig                           0x08001b4d   Thumb Code   124  stm32f10x_tim.o(.text)
    TIM_BDTRConfig                           0x08001bc9   Thumb Code    32  stm32f10x_tim.o(.text)
    TIM_TimeBaseStructInit                   0x08001be9   Thumb Code    18  stm32f10x_tim.o(.text)
    TIM_OCStructInit                         0x08001bfb   Thumb Code    20  stm32f10x_tim.o(.text)
    TIM_ICStructInit                         0x08001c0f   Thumb Code    18  stm32f10x_tim.o(.text)
    TIM_BDTRStructInit                       0x08001c21   Thumb Code    18  stm32f10x_tim.o(.text)
    TIM_Cmd                                  0x08001c33   Thumb Code    24  stm32f10x_tim.o(.text)
    TIM_CtrlPWMOutputs                       0x08001c4b   Thumb Code    30  stm32f10x_tim.o(.text)
    TIM_ITConfig                             0x08001c69   Thumb Code    18  stm32f10x_tim.o(.text)
    TIM_GenerateEvent                        0x08001c7b   Thumb Code     4  stm32f10x_tim.o(.text)
    TIM_DMAConfig                            0x08001c7f   Thumb Code    10  stm32f10x_tim.o(.text)
    TIM_DMACmd                               0x08001c89   Thumb Code    18  stm32f10x_tim.o(.text)
    TIM_InternalClockConfig                  0x08001c9b   Thumb Code    12  stm32f10x_tim.o(.text)
    TIM_SelectInputTrigger                   0x08001ca7   Thumb Code    18  stm32f10x_tim.o(.text)
    TIM_ITRxExternalClockConfig              0x08001cb9   Thumb Code    24  stm32f10x_tim.o(.text)
    TIM_TIxExternalClockConfig               0x08001cd1   Thumb Code    62  stm32f10x_tim.o(.text)
    TIM_ETRConfig                            0x08001d0f   Thumb Code    30  stm32f10x_tim.o(.text)
    TIM_ETRClockMode1Config                  0x08001d2d   Thumb Code    54  stm32f10x_tim.o(.text)
    TIM_ETRClockMode2Config                  0x08001d63   Thumb Code    32  stm32f10x_tim.o(.text)
    TIM_PrescalerConfig                      0x08001d83   Thumb Code     6  stm32f10x_tim.o(.text)
    TIM_CounterModeConfig                    0x08001d89   Thumb Code    18  stm32f10x_tim.o(.text)
    TIM_EncoderInterfaceConfig               0x08001d9b   Thumb Code    66  stm32f10x_tim.o(.text)
    TIM_ForcedOC1Config                      0x08001ddd   Thumb Code    18  stm32f10x_tim.o(.text)
    TIM_ForcedOC2Config                      0x08001def   Thumb Code    26  stm32f10x_tim.o(.text)
    TIM_ForcedOC3Config                      0x08001e09   Thumb Code    18  stm32f10x_tim.o(.text)
    TIM_ForcedOC4Config                      0x08001e1b   Thumb Code    26  stm32f10x_tim.o(.text)
    TIM_ARRPreloadConfig                     0x08001e35   Thumb Code    24  stm32f10x_tim.o(.text)
    TIM_SelectCOM                            0x08001e4d   Thumb Code    24  stm32f10x_tim.o(.text)
    TIM_SelectCCDMA                          0x08001e65   Thumb Code    24  stm32f10x_tim.o(.text)
    TIM_CCPreloadControl                     0x08001e7d   Thumb Code    24  stm32f10x_tim.o(.text)
    TIM_OC1PreloadConfig                     0x08001e95   Thumb Code    18  stm32f10x_tim.o(.text)
    TIM_OC2PreloadConfig                     0x08001ea7   Thumb Code    26  stm32f10x_tim.o(.text)
    TIM_OC3PreloadConfig                     0x08001ec1   Thumb Code    18  stm32f10x_tim.o(.text)
    TIM_OC4PreloadConfig                     0x08001ed3   Thumb Code    26  stm32f10x_tim.o(.text)
    TIM_OC1FastConfig                        0x08001eed   Thumb Code    18  stm32f10x_tim.o(.text)
    TIM_OC2FastConfig                        0x08001eff   Thumb Code    26  stm32f10x_tim.o(.text)
    TIM_OC3FastConfig                        0x08001f19   Thumb Code    18  stm32f10x_tim.o(.text)
    TIM_OC4FastConfig                        0x08001f2b   Thumb Code    26  stm32f10x_tim.o(.text)
    TIM_ClearOC1Ref                          0x08001f45   Thumb Code    18  stm32f10x_tim.o(.text)
    TIM_ClearOC2Ref                          0x08001f57   Thumb Code    24  stm32f10x_tim.o(.text)
    TIM_ClearOC3Ref                          0x08001f6f   Thumb Code    18  stm32f10x_tim.o(.text)
    TIM_ClearOC4Ref                          0x08001f81   Thumb Code    24  stm32f10x_tim.o(.text)
    TIM_OC1PolarityConfig                    0x08001f99   Thumb Code    18  stm32f10x_tim.o(.text)
    TIM_OC1NPolarityConfig                   0x08001fab   Thumb Code    18  stm32f10x_tim.o(.text)
    TIM_OC2PolarityConfig                    0x08001fbd   Thumb Code    26  stm32f10x_tim.o(.text)
    TIM_OC2NPolarityConfig                   0x08001fd7   Thumb Code    26  stm32f10x_tim.o(.text)
    TIM_OC3PolarityConfig                    0x08001ff1   Thumb Code    26  stm32f10x_tim.o(.text)
    TIM_OC3NPolarityConfig                   0x0800200b   Thumb Code    26  stm32f10x_tim.o(.text)
    TIM_OC4PolarityConfig                    0x08002025   Thumb Code    26  stm32f10x_tim.o(.text)
    TIM_CCxCmd                               0x0800203f   Thumb Code    26  stm32f10x_tim.o(.text)
    TIM_CCxNCmd                              0x08002059   Thumb Code    26  stm32f10x_tim.o(.text)
    TIM_SelectOCxM                           0x08002073   Thumb Code   134  stm32f10x_tim.o(.text)
    TIM_UpdateDisableConfig                  0x080020f9   Thumb Code    24  stm32f10x_tim.o(.text)
    TIM_UpdateRequestConfig                  0x08002111   Thumb Code    24  stm32f10x_tim.o(.text)
    TIM_SelectHallSensor                     0x08002129   Thumb Code    24  stm32f10x_tim.o(.text)
    TIM_SelectOnePulseMode                   0x08002141   Thumb Code    18  stm32f10x_tim.o(.text)
    TIM_SelectOutputTrigger                  0x08002153   Thumb Code    18  stm32f10x_tim.o(.text)
    TIM_SelectSlaveMode                      0x08002165   Thumb Code    18  stm32f10x_tim.o(.text)
    TIM_SelectMasterSlaveMode                0x08002177   Thumb Code    18  stm32f10x_tim.o(.text)
    TIM_SetCounter                           0x08002189   Thumb Code     4  stm32f10x_tim.o(.text)
    TIM_SetAutoreload                        0x0800218d   Thumb Code     4  stm32f10x_tim.o(.text)
    TIM_SetCompare1                          0x08002191   Thumb Code     4  stm32f10x_tim.o(.text)
    TIM_SetCompare2                          0x08002195   Thumb Code     4  stm32f10x_tim.o(.text)
    TIM_SetCompare3                          0x08002199   Thumb Code     4  stm32f10x_tim.o(.text)
    TIM_SetCompare4                          0x0800219d   Thumb Code     6  stm32f10x_tim.o(.text)
    TIM_SetClockDivision                     0x080021a3   Thumb Code    14  stm32f10x_tim.o(.text)
    TIM_GetCapture1                          0x080021b1   Thumb Code     6  stm32f10x_tim.o(.text)
    TIM_GetCapture2                          0x080021b7   Thumb Code     6  stm32f10x_tim.o(.text)
    TIM_GetCapture3                          0x080021bd   Thumb Code     6  stm32f10x_tim.o(.text)
    TIM_GetCapture4                          0x080021c3   Thumb Code     8  stm32f10x_tim.o(.text)
    TIM_GetCounter                           0x080021cb   Thumb Code     6  stm32f10x_tim.o(.text)
    TIM_GetPrescaler                         0x080021d1   Thumb Code     6  stm32f10x_tim.o(.text)
    TIM_GetFlagStatus                        0x080021d7   Thumb Code    18  stm32f10x_tim.o(.text)
    TIM_ClearFlag                            0x080021e9   Thumb Code     6  stm32f10x_tim.o(.text)
    TIM_GetITStatus                          0x080021ef   Thumb Code    34  stm32f10x_tim.o(.text)
    TIM_ClearITPendingBit                    0x08002211   Thumb Code     6  stm32f10x_tim.o(.text)
    FLASH_SetLatency                         0x08002219   Thumb Code    22  stm32f10x_flash.o(.text)
    FLASH_HalfCycleAccessCmd                 0x0800222f   Thumb Code    22  stm32f10x_flash.o(.text)
    FLASH_PrefetchBufferCmd                  0x08002245   Thumb Code    22  stm32f10x_flash.o(.text)
    Standard_GetConfiguration                0x08002261   Thumb Code    34  usb_core.o(.text)
    Standard_SetConfiguration                0x08002283   Thumb Code    60  usb_core.o(.text)
    Standard_GetInterface                    0x080022bf   Thumb Code    34  usb_core.o(.text)
    Standard_SetInterface                    0x080022e1   Thumb Code    96  usb_core.o(.text)
    Standard_GetStatus                       0x08002341   Thumb Code   216  usb_core.o(.text)
    Standard_ClearFeature                    0x08002419   Thumb Code   292  usb_core.o(.text)
    Standard_SetEndPointFeature              0x0800253d   Thumb Code   152  usb_core.o(.text)
    Standard_SetDeviceFeature                0x080025d5   Thumb Code    30  usb_core.o(.text)
    Standard_GetDescriptorData               0x080025f3   Thumb Code    32  usb_core.o(.text)
    Post0_Process                            0x08002b43   Thumb Code    54  usb_core.o(.text)
    Setup0_Process                           0x08002b79   Thumb Code   162  usb_core.o(.text)
    SetDeviceAddress                         0x08002c1b   Thumb Code    60  usb_core.o(.text)
    In0_Process                              0x08002c57   Thumb Code    98  usb_core.o(.text)
    Out0_Process                             0x08002cb9   Thumb Code    70  usb_core.o(.text)
    NOP_Process                              0x08002cff   Thumb Code     2  usb_core.o(.text)
    USB_Init                                 0x08002d29   Thumb Code    36  usb_init.o(.text)
    CTR_LP                                   0x08002d65   Thumb Code   752  usb_int.o(.text)
    CTR_HP                                   0x08003055   Thumb Code   160  usb_int.o(.text)
    UserToPMABufferCopy                      0x08003111   Thumb Code    52  usb_mem.o(.text)
    PMAToUserBufferCopy                      0x08003145   Thumb Code    34  usb_mem.o(.text)
    SetCNTR                                  0x0800316d   Thumb Code     6  usb_regs.o(.text)
    GetCNTR                                  0x08003173   Thumb Code     8  usb_regs.o(.text)
    SetISTR                                  0x0800317b   Thumb Code     8  usb_regs.o(.text)
    GetISTR                                  0x08003183   Thumb Code    10  usb_regs.o(.text)
    GetFNR                                   0x0800318d   Thumb Code    10  usb_regs.o(.text)
    SetDADDR                                 0x08003197   Thumb Code     8  usb_regs.o(.text)
    GetDADDR                                 0x0800319f   Thumb Code    10  usb_regs.o(.text)
    SetBTABLE                                0x080031a9   Thumb Code    14  usb_regs.o(.text)
    GetBTABLE                                0x080031b7   Thumb Code    10  usb_regs.o(.text)
    SetENDPOINT                              0x080031c1   Thumb Code    10  usb_regs.o(.text)
    GetENDPOINT                              0x080031cb   Thumb Code    14  usb_regs.o(.text)
    SetEPType                                0x080031d9   Thumb Code    26  usb_regs.o(.text)
    GetEPType                                0x080031f3   Thumb Code    16  usb_regs.o(.text)
    SetEPTxStatus                            0x08003203   Thumb Code    48  usb_regs.o(.text)
    SetEPRxStatus                            0x08003233   Thumb Code    48  usb_regs.o(.text)
    SetDouBleBuffEPStall                     0x08003263   Thumb Code    50  usb_regs.o(.text)
    GetEPTxStatus                            0x08003295   Thumb Code    16  usb_regs.o(.text)
    GetEPRxStatus                            0x080032a5   Thumb Code    16  usb_regs.o(.text)
    SetEPTxValid                             0x080032b5   Thumb Code    34  usb_regs.o(.text)
    SetEPRxValid                             0x080032d7   Thumb Code    34  usb_regs.o(.text)
    SetEP_KIND                               0x080032f9   Thumb Code    28  usb_regs.o(.text)
    ClearEP_KIND                             0x08003315   Thumb Code    24  usb_regs.o(.text)
    Clear_Status_Out                         0x0800332d   Thumb Code    24  usb_regs.o(.text)
    Set_Status_Out                           0x08003345   Thumb Code    28  usb_regs.o(.text)
    SetEPDoubleBuff                          0x08003361   Thumb Code    28  usb_regs.o(.text)
    ClearEPDoubleBuff                        0x0800337d   Thumb Code    24  usb_regs.o(.text)
    GetTxStallStatus                         0x08003395   Thumb Code    26  usb_regs.o(.text)
    GetRxStallStatus                         0x080033af   Thumb Code    28  usb_regs.o(.text)
    ClearEP_CTR_RX                           0x080033cb   Thumb Code    28  usb_regs.o(.text)
    ClearEP_CTR_TX                           0x080033e7   Thumb Code    24  usb_regs.o(.text)
    ToggleDTOG_RX                            0x080033ff   Thumb Code    28  usb_regs.o(.text)
    ToggleDTOG_TX                            0x0800341b   Thumb Code    28  usb_regs.o(.text)
    ClearDTOG_RX                             0x08003437   Thumb Code    42  usb_regs.o(.text)
    ClearDTOG_TX                             0x08003461   Thumb Code    42  usb_regs.o(.text)
    SetEPAddress                             0x0800348b   Thumb Code    26  usb_regs.o(.text)
    GetEPAddress                             0x080034a5   Thumb Code    16  usb_regs.o(.text)
    SetEPTxAddr                              0x080034b5   Thumb Code    26  usb_regs.o(.text)
    SetEPRxAddr                              0x080034cf   Thumb Code    28  usb_regs.o(.text)
    GetEPTxAddr                              0x080034eb   Thumb Code    24  usb_regs.o(.text)
    GetEPRxAddr                              0x08003503   Thumb Code    26  usb_regs.o(.text)
    SetEPTxCount                             0x0800351d   Thumb Code    22  usb_regs.o(.text)
    SetEPCountRxReg                          0x08003533   Thumb Code    56  usb_regs.o(.text)
    SetEPRxCount                             0x0800356b   Thumb Code    68  usb_regs.o(.text)
    GetEPTxCount                             0x080035af   Thumb Code    26  usb_regs.o(.text)
    GetEPRxCount                             0x080035c9   Thumb Code    26  usb_regs.o(.text)
    SetEPDblBuffAddr                         0x080035e3   Thumb Code    44  usb_regs.o(.text)
    SetEPDblBuf0Addr                         0x0800360f   Thumb Code    24  usb_regs.o(.text)
    SetEPDblBuf1Addr                         0x08003627   Thumb Code    26  usb_regs.o(.text)
    GetEPDblBuf0Addr                         0x08003641   Thumb Code    22  usb_regs.o(.text)
    GetEPDblBuf1Addr                         0x08003657   Thumb Code    24  usb_regs.o(.text)
    SetEPDblBuffCount                        0x0800366f   Thumb Code   186  usb_regs.o(.text)
    SetEPDblBuf0Count                        0x08003729   Thumb Code    96  usb_regs.o(.text)
    SetEPDblBuf1Count                        0x08003789   Thumb Code    96  usb_regs.o(.text)
    GetEPDblBuf0Count                        0x080037e9   Thumb Code    26  usb_regs.o(.text)
    GetEPDblBuf1Count                        0x08003803   Thumb Code    26  usb_regs.o(.text)
    GetEPDblBufDir                           0x0800381d   Thumb Code    62  usb_regs.o(.text)
    FreeUserBuffer                           0x0800385b   Thumb Code    64  usb_regs.o(.text)
    ToWord                                   0x0800389b   Thumb Code     8  usb_regs.o(.text)
    ByteSwap                                 0x080038a3   Thumb Code    12  usb_regs.o(.text)
    __use_two_region_memory                  0x080038b9   Thumb Code     2  heapauxi.o(.text)
    __rt_heap_escrow$2region                 0x080038bb   Thumb Code     2  heapauxi.o(.text)
    __rt_heap_expand$2region                 0x080038bd   Thumb Code     2  heapauxi.o(.text)
    __user_setup_stackheap                   0x080038bf   Thumb Code    74  sys_stackheap_outer.o(.text)
    exit                                     0x08003909   Thumb Code    12  exit.o(.text)
    __user_libspace                          0x08003915   Thumb Code     8  libspace.o(.text)
    __user_perproc_libspace                  0x08003915   Thumb Code     0  libspace.o(.text)
    __user_perthread_libspace                0x08003915   Thumb Code     0  libspace.o(.text)
    _sys_exit                                0x0800391d   Thumb Code     8  sys_exit.o(.text)
    __I$use$semihosting                      0x08003929   Thumb Code     0  use_no_semi.o(.text)
    __use_no_semihosting_swi                 0x08003929   Thumb Code     2  use_no_semi.o(.text)
    CustomHID_DeviceDescriptor               0x0800392a   Data          18  usb_desc.o(.constdata)
    __semihosting_library_function           0x0800392b   Thumb Code     0  indicate_semi.o(.text)
    CustomHID_ConfigDescriptor               0x0800393c   Data          41  usb_desc.o(.constdata)
    CustomHID_ReportDescriptor               0x08003965   Data          33  usb_desc.o(.constdata)
    CustomHID_StringLangID                   0x08003986   Data           4  usb_desc.o(.constdata)
    CustomHID_StringVendor                   0x0800398a   Data          20  usb_desc.o(.constdata)
    CustomHID_StringProduct                  0x0800399e   Data          18  usb_desc.o(.constdata)
    Region$$Table$$Base                      0x080039c4   Number         0  anon$$obj.o(Region$$Table)
    Region$$Table$$Limit                     0x080039e4   Number         0  anon$$obj.o(Region$$Table)
    HSEStartUpStatus                         0x20000000   Data           1  hw_config.o(.data)
    MsgCmd                                   0x20000001   Data           1  main.o(.data)
    CustomHID_StringSerial                   0x20000002   Data          26  usb_desc.o(.data)
    USB_ReceiveFlg                           0x2000001c   Data           1  usb_endp.o(.data)
    bIntPackSOF                              0x20000020   Data           1  usb_istr.o(.data)
    pEpInt_IN                                0x20000024   Data          28  usb_istr.o(.data)
    pEpInt_OUT                               0x20000040   Data          28  usb_istr.o(.data)
    wIstr                                    0x2000005c   Data           2  usb_istr.o(.data)
    Device_Table                             0x20000060   Data           2  usb_prop.o(.data)
    Device_Property                          0x20000064   Data          48  usb_prop.o(.data)
    User_Standard_Requests                   0x20000094   Data          36  usb_prop.o(.data)
    Device_Descriptor                        0x200000b8   Data           8  usb_prop.o(.data)
    Config_Descriptor                        0x200000c0   Data           8  usb_prop.o(.data)
    CustomHID_Report_Descriptor              0x200000c8   Data           8  usb_prop.o(.data)
    CustomHID_Hid_Descriptor                 0x200000d0   Data           8  usb_prop.o(.data)
    String_Descriptor                        0x200000d8   Data          32  usb_prop.o(.data)
    ProtocolValue                            0x200000f8   Data           4  usb_prop.o(.data)
    bDeviceState                             0x200000fc   Data           4  usb_pwr.o(.data)
    fSuspendEnabled                          0x20000100   Data           1  usb_pwr.o(.data)
    ResumeS                                  0x20000101   Data           2  usb_pwr.o(.data)
    TimeCount                                0x20000103   Data           1  stm32f10x_it.o(.data)
    Data_Mul_MaxPacketSize                   0x20000104   Data           1  usb_core.o(.data)
    StatusInfo                               0x20000106   Data           2  usb_core.o(.data)
    EPindex                                  0x20000108   Data           1  usb_init.o(.data)
    pInformation                             0x2000010c   Data           4  usb_init.o(.data)
    pProperty                                0x20000110   Data           4  usb_init.o(.data)
    SaveState                                0x20000114   Data           2  usb_init.o(.data)
    wInterrupt_Mask                          0x20000116   Data           2  usb_init.o(.data)
    pUser_Standard_Requests                  0x20000118   Data           4  usb_init.o(.data)
    SaveRState                               0x2000011c   Data           2  usb_int.o(.data)
    SaveTState                               0x2000011e   Data           2  usb_int.o(.data)
    Receive_Buffer                           0x20000120   Data          22  usb_endp.o(.bss)
    Transi_Buffer                            0x20000136   Data          22  usb_endp.o(.bss)
    Device_Info                              0x2000014c   Data          28  usb_init.o(.bss)
    __libspace_start                         0x20000168   Data          96  libspace.o(.bss)
    __temporary_stack_top$libspace           0x200001c8   Data           0  libspace.o(.bss)



==============================================================================

Memory Map of the image

  Image Entry point : 0x08000131

  Load Region LR_IROM1 (Base: 0x08000000, Size: 0x00003b04, Max: 0x00010000, ABSOLUTE)

    Execution Region ER_IROM1 (Base: 0x08000000, Size: 0x000039e4, Max: 0x00010000, ABSOLUTE)

    Base Addr    Size         Type   Attr      Idx    E Section Name        Object

    0x08000000   0x00000130   Data   RO            3    RESET               stm32f10x_vector.o
    0x08000130   0x00000008   Code   RO          442  * !!!main             c_w.l(__main.o)
    0x08000138   0x00000034   Code   RO          596    !!!scatter          c_w.l(__scatter.o)
    0x0800016c   0x0000001a   Code   RO          598    !!handler_copy      c_w.l(__scatter_copy.o)
    0x08000186   0x00000002   PAD
    0x08000188   0x0000001c   Code   RO          600    !!handler_zi        c_w.l(__scatter_zi.o)
    0x080001a4   0x00000002   Code   RO          469    .ARM.Collect$$libinit$$00000000  c_w.l(libinit.o)
    0x080001a6   0x00000000   Code   RO          476    .ARM.Collect$$libinit$$00000002  c_w.l(libinit2.o)
    0x080001a6   0x00000000   Code   RO          479    .ARM.Collect$$libinit$$00000008  c_w.l(libinit2.o)
    0x080001a6   0x00000000   Code   RO          481    .ARM.Collect$$libinit$$0000000A  c_w.l(libinit2.o)
    0x080001a6   0x00000000   Code   RO          483    .ARM.Collect$$libinit$$0000000C  c_w.l(libinit2.o)
    0x080001a6   0x00000000   Code   RO          486    .ARM.Collect$$libinit$$0000000F  c_w.l(libinit2.o)
    0x080001a6   0x00000000   Code   RO          488    .ARM.Collect$$libinit$$00000011  c_w.l(libinit2.o)
    0x080001a6   0x00000000   Code   RO          490    .ARM.Collect$$libinit$$00000013  c_w.l(libinit2.o)
    0x080001a6   0x00000000   Code   RO          492    .ARM.Collect$$libinit$$00000015  c_w.l(libinit2.o)
    0x080001a6   0x00000000   Code   RO          494    .ARM.Collect$$libinit$$00000017  c_w.l(libinit2.o)
    0x080001a6   0x00000000   Code   RO          496    .ARM.Collect$$libinit$$00000019  c_w.l(libinit2.o)
    0x080001a6   0x00000000   Code   RO          498    .ARM.Collect$$libinit$$0000001B  c_w.l(libinit2.o)
    0x080001a6   0x00000000   Code   RO          500    .ARM.Collect$$libinit$$0000001D  c_w.l(libinit2.o)
    0x080001a6   0x00000000   Code   RO          502    .ARM.Collect$$libinit$$0000001F  c_w.l(libinit2.o)
    0x080001a6   0x00000000   Code   RO          504    .ARM.Collect$$libinit$$00000021  c_w.l(libinit2.o)
    0x080001a6   0x00000000   Code   RO          506    .ARM.Collect$$libinit$$00000023  c_w.l(libinit2.o)
    0x080001a6   0x00000000   Code   RO          510    .ARM.Collect$$libinit$$0000002A  c_w.l(libinit2.o)
    0x080001a6   0x00000000   Code   RO          512    .ARM.Collect$$libinit$$0000002C  c_w.l(libinit2.o)
    0x080001a6   0x00000000   Code   RO          514    .ARM.Collect$$libinit$$0000002E  c_w.l(libinit2.o)
    0x080001a6   0x00000000   Code   RO          516    .ARM.Collect$$libinit$$00000030  c_w.l(libinit2.o)
    0x080001a6   0x00000002   Code   RO          517    .ARM.Collect$$libinit$$00000031  c_w.l(libinit2.o)
    0x080001a8   0x00000002   Code   RO          537    .ARM.Collect$$libshutdown$$00000000  c_w.l(libshutdown.o)
    0x080001aa   0x00000000   Code   RO          551    .ARM.Collect$$libshutdown$$00000003  c_w.l(libshutdown2.o)
    0x080001aa   0x00000000   Code   RO          554    .ARM.Collect$$libshutdown$$00000006  c_w.l(libshutdown2.o)
    0x080001aa   0x00000000   Code   RO          557    .ARM.Collect$$libshutdown$$00000009  c_w.l(libshutdown2.o)
    0x080001aa   0x00000000   Code   RO          559    .ARM.Collect$$libshutdown$$0000000B  c_w.l(libshutdown2.o)
    0x080001aa   0x00000000   Code   RO          562    .ARM.Collect$$libshutdown$$0000000E  c_w.l(libshutdown2.o)
    0x080001aa   0x00000002   Code   RO          563    .ARM.Collect$$libshutdown$$0000000F  c_w.l(libshutdown2.o)
    0x080001ac   0x00000000   Code   RO          444    .ARM.Collect$$rtentry$$00000000  c_w.l(rtentry.o)
    0x080001ac   0x00000000   Code   RO          446    .ARM.Collect$$rtentry$$00000002  c_w.l(rtentry2.o)
    0x080001ac   0x00000006   Code   RO          458    .ARM.Collect$$rtentry$$00000004  c_w.l(rtentry4.o)
    0x080001b2   0x00000000   Code   RO          448    .ARM.Collect$$rtentry$$00000009  c_w.l(rtentry2.o)
    0x080001b2   0x00000004   Code   RO          449    .ARM.Collect$$rtentry$$0000000A  c_w.l(rtentry2.o)
    0x080001b6   0x00000000   Code   RO          451    .ARM.Collect$$rtentry$$0000000C  c_w.l(rtentry2.o)
    0x080001b6   0x00000008   Code   RO          452    .ARM.Collect$$rtentry$$0000000D  c_w.l(rtentry2.o)
    0x080001be   0x00000002   Code   RO          473    .ARM.Collect$$rtexit$$00000000  c_w.l(rtexit.o)
    0x080001c0   0x00000000   Code   RO          519    .ARM.Collect$$rtexit$$00000002  c_w.l(rtexit2.o)
    0x080001c0   0x00000004   Code   RO          520    .ARM.Collect$$rtexit$$00000003  c_w.l(rtexit2.o)
    0x080001c4   0x00000006   Code   RO          521    .ARM.Collect$$rtexit$$00000004  c_w.l(rtexit2.o)
    0x080001ca   0x00000002   PAD
    0x080001cc   0x00000024   Code   RO            4    .text               stm32f10x_vector.o
    0x080001f0   0x0000007a   Code   RO           10    .text               cortexm3_macro.o
    0x0800026a   0x00000002   PAD
    0x0800026c   0x0000028c   Code   RO           13    .text               hw_config.o
    0x080004f8   0x000000b8   Code   RO          124    .text               main.o
    0x080005b0   0x00000074   Code   RO          171    .text               usb_endp.o
    0x08000624   0x000000f8   Code   RO          191    .text               usb_istr.o
    0x0800071c   0x00000250   Code   RO          216    .text               usb_prop.o
    0x0800096c   0x00000148   Code   RO          239    .text               usb_pwr.o
    0x08000ab4   0x000000f0   Code   RO          257    .text               stm32f10x_it.o
    0x08000ba4   0x0000032c   Code   RO          278    .text               stm32f10x_gpio.o
    0x08000ed0   0x000003e0   Code   RO          290    .text               stm32f10x_nvic.o
    0x080012b0   0x000003a0   Code   RO          302    .text               stm32f10x_rcc.o
    0x08001650   0x00000bc6   Code   RO          316    .text               stm32f10x_tim.o
    0x08002216   0x00000002   PAD
    0x08002218   0x00000048   Code   RO          328    .text               stm32f10x_flash.o
    0x08002260   0x00000ac8   Code   RO          352    .text               usb_core.o
    0x08002d28   0x0000003c   Code   RO          367    .text               usb_init.o
    0x08002d64   0x000003ac   Code   RO          390    .text               usb_int.o
    0x08003110   0x0000005c   Code   RO          414    .text               usb_mem.o
    0x0800316c   0x0000074c   Code   RO          426    .text               usb_regs.o
    0x080038b8   0x00000006   Code   RO          440    .text               c_w.l(heapauxi.o)
    0x080038be   0x0000004a   Code   RO          460    .text               c_w.l(sys_stackheap_outer.o)
    0x08003908   0x0000000c   Code   RO          462    .text               c_w.l(exit.o)
    0x08003914   0x00000008   Code   RO          470    .text               c_w.l(libspace.o)
    0x0800391c   0x0000000c   Code   RO          529    .text               c_w.l(sys_exit.o)
    0x08003928   0x00000002   Code   RO          540    .text               c_w.l(use_no_semi.o)
    0x0800392a   0x00000000   Code   RO          542    .text               c_w.l(indicate_semi.o)
    0x0800392a   0x00000086   Data   RO          143    .constdata          usb_desc.o
    0x080039b0   0x00000014   Data   RO          303    .constdata          stm32f10x_rcc.o
    0x080039c4   0x00000020   Data   RO          594    Region$$Table       anon$$obj.o


    Execution Region RW_IRAM1 (Base: 0x20000000, Size: 0x000009c8, Max: 0x00005000, ABSOLUTE)

    Base Addr    Size         Type   Attr      Idx    E Section Name        Object

    0x20000000   0x00000001   Data   RW           14    .data               hw_config.o
    0x20000001   0x00000001   Data   RW          125    .data               main.o
    0x20000002   0x0000001a   Data   RW          144    .data               usb_desc.o
    0x2000001c   0x00000001   Data   RW          173    .data               usb_endp.o
    0x2000001d   0x00000003   PAD
    0x20000020   0x0000003e   Data   RW          192    .data               usb_istr.o
    0x2000005e   0x00000002   PAD
    0x20000060   0x0000009c   Data   RW          217    .data               usb_prop.o
    0x200000fc   0x00000007   Data   RW          240    .data               usb_pwr.o
    0x20000103   0x00000001   Data   RW          258    .data               stm32f10x_it.o
    0x20000104   0x00000004   Data   RW          353    .data               usb_core.o
    0x20000108   0x00000014   Data   RW          369    .data               usb_init.o
    0x2000011c   0x00000004   Data   RW          391    .data               usb_int.o
    0x20000120   0x0000002c   Zero   RW          172    .bss                usb_endp.o
    0x2000014c   0x0000001c   Zero   RW          368    .bss                usb_init.o
    0x20000168   0x00000060   Zero   RW          471    .bss                c_w.l(libspace.o)
    0x200001c8   0x00000400   Zero   RW            2    HEAP                stm32f10x_vector.o
    0x200005c8   0x00000400   Zero   RW            1    STACK               stm32f10x_vector.o


==============================================================================

Image component sizes


      Code (inc. data)   RO Data    RW Data    ZI Data      Debug   Object Name

       122          0          0          0          0        272   cortexm3_macro.o
       652         36          0          1          0     226448   hw_config.o
       184         36          0          1          0       1592   main.o
        72          6          0          0          0        788   stm32f10x_flash.o
       812         18          0          0          0       4983   stm32f10x_gpio.o
       240         10          0          1          0       7782   stm32f10x_it.o
       992         32          0          0          0       6980   stm32f10x_nvic.o
       928         44         20          0          0       8452   stm32f10x_rcc.o
      3014         16          0          0          0      23412   stm32f10x_tim.o
        36         22        304          0       2048        316   stm32f10x_vector.o
      2760        104          0          4          0       7763   usb_core.o
         0          0        134         26          0      11816   usb_desc.o
       116         22          0          1         44       1254   usb_endp.o
        60         24          0         20         28       3718   usb_init.o
       940         28          0          4          0       1668   usb_int.o
       248         26          0         62          0       1076   usb_istr.o
        92          6          0          0          0       1206   usb_mem.o
       592         48          0        156          0       7239   usb_prop.o
       328         22          0          7          0       2253   usb_pwr.o
      1868         18          0          0          0      11373   usb_regs.o

    ----------------------------------------------------------------------
     14060        518        490        288       2120     330391   Object Totals
         0          0         32          0          0          0   (incl. Generated)
         4          0          0          5          0          0   (incl. Padding)

    ----------------------------------------------------------------------

      Code (inc. data)   RO Data    RW Data    ZI Data      Debug   Library Member Name

         8          0          0          0          0         68   __main.o
        52          8          0          0          0          0   __scatter.o
        26          0          0          0          0          0   __scatter_copy.o
        28          0          0          0          0          0   __scatter_zi.o
        12          0          0          0          0         72   exit.o
         6          0          0          0          0        152   heapauxi.o
         0          0          0          0          0          0   indicate_semi.o
         2          0          0          0          0          0   libinit.o
         2          0          0          0          0          0   libinit2.o
         2          0          0          0          0          0   libshutdown.o
         2          0          0          0          0          0   libshutdown2.o
         8          4          0          0         96         68   libspace.o
         0          0          0          0          0          0   rtentry.o
        12          0          0          0          0          0   rtentry2.o
         6          0          0          0          0          0   rtentry4.o
         2          0          0          0          0          0   rtexit.o
        10          0          0          0          0          0   rtexit2.o
        12          4          0          0          0         68   sys_exit.o
        74          0          0          0          0         80   sys_stackheap_outer.o
         2          0          0          0          0         68   use_no_semi.o

    ----------------------------------------------------------------------
       270         16          0          0         96        576   Library Totals
         4          0          0          0          0          0   (incl. Padding)

    ----------------------------------------------------------------------

      Code (inc. data)   RO Data    RW Data    ZI Data      Debug   Library Name

       266         16          0          0         96        576   c_w.l

    ----------------------------------------------------------------------
       270         16          0          0         96        576   Library Totals

    ----------------------------------------------------------------------

==============================================================================


      Code (inc. data)   RO Data    RW Data    ZI Data      Debug   

     14330        534        490        288       2216     328887   Grand Totals
     14330        534        490        288       2216     328887   ELF Image Totals
     14330        534        490        288          0          0   ROM Totals

==============================================================================

    Total RO  Size (Code + RO Data)                14820 (  14.47kB)
    Total RW  Size (RW Data + ZI Data)              2504 (   2.45kB)
    Total ROM Size (Code + RO Data + RW Data)      15108 (  14.75kB)

==============================================================================

